Archive member included to satisfy reference by file (symbol)

c:/st/stm32cubeide_1.9.0/stm32cubeide/plugins/com.st.stm32cube.ide.mcu.externaltools.gnu-tools-for-stm32.10.3-2021.10.win32_1.0.200.202301161003/tools/bin/../lib/gcc/arm-none-eabi/10.3.1/../../../../arm-none-eabi/lib/thumb/v7e-m+fp/hard\libc_nano.a(lib_a-errno.o)
                              ./Core/Src/syscalls.o (__errno)
c:/st/stm32cubeide_1.9.0/stm32cubeide/plugins/com.st.stm32cube.ide.mcu.externaltools.gnu-tools-for-stm32.10.3-2021.10.win32_1.0.200.202301161003/tools/bin/../lib/gcc/arm-none-eabi/10.3.1/../../../../arm-none-eabi/lib/thumb/v7e-m+fp/hard\libc_nano.a(lib_a-exit.o)
                              c:/st/stm32cubeide_1.9.0/stm32cubeide/plugins/com.st.stm32cube.ide.mcu.externaltools.gnu-tools-for-stm32.10.3-2021.10.win32_1.0.200.202301161003/tools/bin/../lib/gcc/arm-none-eabi/10.3.1/../../../../arm-none-eabi/lib/thumb/v7e-m+fp/hard/crt0.o (exit)
c:/st/stm32cubeide_1.9.0/stm32cubeide/plugins/com.st.stm32cube.ide.mcu.externaltools.gnu-tools-for-stm32.10.3-2021.10.win32_1.0.200.202301161003/tools/bin/../lib/gcc/arm-none-eabi/10.3.1/../../../../arm-none-eabi/lib/thumb/v7e-m+fp/hard\libc_nano.a(lib_a-impure.o)
                              c:/st/stm32cubeide_1.9.0/stm32cubeide/plugins/com.st.stm32cube.ide.mcu.externaltools.gnu-tools-for-stm32.10.3-2021.10.win32_1.0.200.202301161003/tools/bin/../lib/gcc/arm-none-eabi/10.3.1/../../../../arm-none-eabi/lib/thumb/v7e-m+fp/hard\libc_nano.a(lib_a-exit.o) (_global_impure_ptr)
c:/st/stm32cubeide_1.9.0/stm32cubeide/plugins/com.st.stm32cube.ide.mcu.externaltools.gnu-tools-for-stm32.10.3-2021.10.win32_1.0.200.202301161003/tools/bin/../lib/gcc/arm-none-eabi/10.3.1/../../../../arm-none-eabi/lib/thumb/v7e-m+fp/hard\libc_nano.a(lib_a-init.o)
                              c:/st/stm32cubeide_1.9.0/stm32cubeide/plugins/com.st.stm32cube.ide.mcu.externaltools.gnu-tools-for-stm32.10.3-2021.10.win32_1.0.200.202301161003/tools/bin/../lib/gcc/arm-none-eabi/10.3.1/../../../../arm-none-eabi/lib/thumb/v7e-m+fp/hard/crt0.o (__libc_init_array)
c:/st/stm32cubeide_1.9.0/stm32cubeide/plugins/com.st.stm32cube.ide.mcu.externaltools.gnu-tools-for-stm32.10.3-2021.10.win32_1.0.200.202301161003/tools/bin/../lib/gcc/arm-none-eabi/10.3.1/../../../../arm-none-eabi/lib/thumb/v7e-m+fp/hard\libc_nano.a(lib_a-malloc.o)
                              ./Core/Src/EPD_4in2_test.o (malloc)
c:/st/stm32cubeide_1.9.0/stm32cubeide/plugins/com.st.stm32cube.ide.mcu.externaltools.gnu-tools-for-stm32.10.3-2021.10.win32_1.0.200.202301161003/tools/bin/../lib/gcc/arm-none-eabi/10.3.1/../../../../arm-none-eabi/lib/thumb/v7e-m+fp/hard\libc_nano.a(lib_a-memset.o)
                              c:/st/stm32cubeide_1.9.0/stm32cubeide/plugins/com.st.stm32cube.ide.mcu.externaltools.gnu-tools-for-stm32.10.3-2021.10.win32_1.0.200.202301161003/tools/bin/../lib/gcc/arm-none-eabi/10.3.1/../../../../arm-none-eabi/lib/thumb/v7e-m+fp/hard/crt0.o (memset)
c:/st/stm32cubeide_1.9.0/stm32cubeide/plugins/com.st.stm32cube.ide.mcu.externaltools.gnu-tools-for-stm32.10.3-2021.10.win32_1.0.200.202301161003/tools/bin/../lib/gcc/arm-none-eabi/10.3.1/../../../../arm-none-eabi/lib/thumb/v7e-m+fp/hard\libc_nano.a(lib_a-nano-freer.o)
                              c:/st/stm32cubeide_1.9.0/stm32cubeide/plugins/com.st.stm32cube.ide.mcu.externaltools.gnu-tools-for-stm32.10.3-2021.10.win32_1.0.200.202301161003/tools/bin/../lib/gcc/arm-none-eabi/10.3.1/../../../../arm-none-eabi/lib/thumb/v7e-m+fp/hard\libc_nano.a(lib_a-malloc.o) (_free_r)
c:/st/stm32cubeide_1.9.0/stm32cubeide/plugins/com.st.stm32cube.ide.mcu.externaltools.gnu-tools-for-stm32.10.3-2021.10.win32_1.0.200.202301161003/tools/bin/../lib/gcc/arm-none-eabi/10.3.1/../../../../arm-none-eabi/lib/thumb/v7e-m+fp/hard\libc_nano.a(lib_a-nano-mallocr.o)
                              c:/st/stm32cubeide_1.9.0/stm32cubeide/plugins/com.st.stm32cube.ide.mcu.externaltools.gnu-tools-for-stm32.10.3-2021.10.win32_1.0.200.202301161003/tools/bin/../lib/gcc/arm-none-eabi/10.3.1/../../../../arm-none-eabi/lib/thumb/v7e-m+fp/hard\libc_nano.a(lib_a-malloc.o) (_malloc_r)
c:/st/stm32cubeide_1.9.0/stm32cubeide/plugins/com.st.stm32cube.ide.mcu.externaltools.gnu-tools-for-stm32.10.3-2021.10.win32_1.0.200.202301161003/tools/bin/../lib/gcc/arm-none-eabi/10.3.1/../../../../arm-none-eabi/lib/thumb/v7e-m+fp/hard\libc_nano.a(lib_a-sbrkr.o)
                              c:/st/stm32cubeide_1.9.0/stm32cubeide/plugins/com.st.stm32cube.ide.mcu.externaltools.gnu-tools-for-stm32.10.3-2021.10.win32_1.0.200.202301161003/tools/bin/../lib/gcc/arm-none-eabi/10.3.1/../../../../arm-none-eabi/lib/thumb/v7e-m+fp/hard\libc_nano.a(lib_a-nano-mallocr.o) (_sbrk_r)
c:/st/stm32cubeide_1.9.0/stm32cubeide/plugins/com.st.stm32cube.ide.mcu.externaltools.gnu-tools-for-stm32.10.3-2021.10.win32_1.0.200.202301161003/tools/bin/../lib/gcc/arm-none-eabi/10.3.1/../../../../arm-none-eabi/lib/thumb/v7e-m+fp/hard\libc_nano.a(lib_a-mlock.o)
[...]
Memory Configuration

Name             Origin             Length             Attributes
RAM              0x0000000020000000 0x0000000000020000 xrw
FLASH            0x0000000008000000 0x0000000000080000 xr
*default*        0x0000000000000000 0xffffffffffffffff

Linker script and memory map

LOAD c:/st/stm32cubeide_1.9.0/stm32cubeide/plugins/com.st.stm32cube.ide.mcu.externaltools.gnu-tools-for-stm32.10.3-2021.10.win32_1.0.200.202301161003/tools/bin/../lib/gcc/arm-none-eabi/10.3.1/thumb/v7e-m+fp/hard/crti.o
LOAD c:/st/stm32cubeide_1.9.0/stm32cubeide/plugins/com.st.stm32cube.ide.mcu.externaltools.gnu-tools-for-stm32.10.3-2021.10.win32_1.0.200.202301161003/tools/bin/../lib/gcc/arm-none-eabi/10.3.1/thumb/v7e-m+fp/hard/crtbegin.o
LOAD c:/st/stm32cubeide_1.9.0/stm32cubeide/plugins/com.st.stm32cube.ide.mcu.externaltools.gnu-tools-for-stm32.10.3-2021.10.win32_1.0.200.202301161003/tools/bin/../lib/gcc/arm-none-eabi/10.3.1/../../../../arm-none-eabi/lib/thumb/v7e-m+fp/hard/crt0.o
LOAD ./Core/Src/DEV_Config.o
LOAD ./Core/Src/EPD_4in2.o
LOAD ./Core/Src/EPD_4in2_test.o
LOAD ./Core/Src/EpaperDisplay.o
LOAD ./Core/Src/GUI_Paint.o
LOAD ./Core/Src/ImageData.o
LOAD ./Core/Src/font12.o
LOAD ./Core/Src/font16.o
LOAD ./Core/Src/font20.o
LOAD ./Core/Src/font24.o
LOAD ./Core/Src/font8.o
LOAD ./Core/Src/gpio.o
LOAD ./Core/Src/i2c.o
LOAD ./Core/Src/main.o
LOAD ./Core/Src/rtc.o
LOAD ./Core/Src/spi.o
LOAD ./Core/Src/stm32f4xx_hal_msp.o
LOAD ./Core/Src/stm32f4xx_it.o
LOAD ./Core/Src/syscalls.o
LOAD ./Core/Src/sysmem.o
LOAD ./Core/Src/system_stm32f4xx.o
LOAD ./Core/Src/usart.o
LOAD ./Core/Startup/startup_stm32f411ceux.o
LOAD ./Drivers/STM32F4xx_HAL_Driver/Src/stm32f4xx_hal.o
LOAD ./Drivers/STM32F4xx_HAL_Driver/Src/stm32f4xx_hal_cortex.o
LOAD ./Drivers/STM32F4xx_HAL_Driver/Src/stm32f4xx_hal_dma.o
LOAD ./Drivers/STM32F4xx_HAL_Driver/Src/stm32f4xx_hal_dma_ex.o
LOAD ./Drivers/STM32F4xx_HAL_Driver/Src/stm32f4xx_hal_exti.o
LOAD ./Drivers/STM32F4xx_HAL_Driver/Src/stm32f4xx_hal_flash.o
LOAD ./Drivers/STM32F4xx_HAL_Driver/Src/stm32f4xx_hal_flash_ex.o
LOAD ./Drivers/STM32F4xx_HAL_Driver/Src/stm32f4xx_hal_flash_ramfunc.o
LOAD ./Drivers/STM32F4xx_HAL_Driver/Src/stm32f4xx_hal_gpio.o
LOAD ./Drivers/STM32F4xx_HAL_Driver/Src/stm32f4xx_hal_i2c.o
LOAD ./Drivers/STM32F4xx_HAL_Driver/Src/stm32f4xx_hal_i2c_ex.o
LOAD ./Drivers/STM32F4xx_HAL_Driver/Src/stm32f4xx_hal_pwr.o
LOAD ./Drivers/STM32F4xx_HAL_Driver/Src/stm32f4xx_hal_pwr_ex.o
LOAD ./Drivers/STM32F4xx_HAL_Driver/Src/stm32f4xx_hal_rcc.o
LOAD ./Drivers/STM32F4xx_HAL_Driver/Src/stm32f4xx_hal_rcc_ex.o
LOAD ./Drivers/STM32F4xx_HAL_Driver/Src/stm32f4xx_hal_rtc.o
LOAD ./Drivers/STM32F4xx_HAL_Driver/Src/stm32f4xx_hal_rtc_ex.o
LOAD ./Drivers/STM32F4xx_HAL_Driver/Src/stm32f4xx_hal_spi.o
LOAD ./Drivers/STM32F4xx_HAL_Driver/Src/stm32f4xx_hal_tim.o
LOAD ./Drivers/STM32F4xx_HAL_Driver/Src/stm32f4xx_hal_tim_ex.o
LOAD ./Drivers/STM32F4xx_HAL_Driver/Src/stm32f4xx_hal_uart.o
START GROUP
LOAD c:/st/stm32cubeide_1.9.0/stm32cubeide/plugins/com.st.stm32cube.ide.mcu.externaltools.gnu-tools-for-stm32.10.3-2021.10.win32_1.0.200.202301161003/tools/bin/../lib/gcc/arm-none-eabi/10.3.1/../../../../arm-none-eabi/lib/thumb/v7e-m+fp/hard\libc_nano.a
LOAD c:/st/stm32cubeide_1.9.0/stm32cubeide/plugins/com.st.stm32cube.ide.mcu.externaltools.gnu-tools-for-stm32.10.3-2021.10.win32_1.0.200.202301161003/tools/bin/../lib/gcc/arm-none-eabi/10.3.1/../../../../arm-none-eabi/lib/thumb/v7e-m+fp/hard\libm.a
END GROUP
START GROUP
LOAD c:/st/stm32cubeide_1.9.0/stm32cubeide/plugins/com.st.stm32cube.ide.mcu.externaltools.gnu-tools-for-stm32.10.3-2021.10.win32_1.0.200.202301161003/tools/bin/../lib/gcc/arm-none-eabi/10.3.1/thumb/v7e-m+fp/hard\libgcc.a
LOAD c:/st/stm32cubeide_1.9.0/stm32cubeide/plugins/com.st.stm32cube.ide.mcu.externaltools.gnu-tools-for-stm32.10.3-2021.10.win32_1.0.200.202301161003/tools/bin/../lib/gcc/arm-none-eabi/10.3.1/../../../../arm-none-eabi/lib/thumb/v7e-m+fp/hard\libc_nano.a
END GROUP
START GROUP
LOAD c:/st/stm32cubeide_1.9.0/stm32cubeide/plugins/com.st.stm32cube.ide.mcu.externaltools.gnu-tools-for-stm32.10.3-2021.10.win32_1.0.200.202301161003/tools/bin/../lib/gcc/arm-none-eabi/10.3.1/thumb/v7e-m+fp/hard\libgcc.a
LOAD c:/st/stm32cubeide_1.9.0/stm32cubeide/plugins/com.st.stm32cube.ide.mcu.externaltools.gnu-tools-for-stm32.10.3-2021.10.win32_1.0.200.202301161003/tools/bin/../lib/gcc/arm-none-eabi/10.3.1/../../../../arm-none-eabi/lib/thumb/v7e-m+fp/hard\libc_nano.a
LOAD c:/st/stm32cubeide_1.9.0/stm32cubeide/plugins/com.st.stm32cube.ide.mcu.externaltools.gnu-tools-for-stm32.10.3-2021.10.win32_1.0.200.202301161003/tools/bin/../lib/gcc/arm-none-eabi/10.3.1/../../../../arm-none-eabi/lib/thumb/v7e-m+fp/hard\libnosys.a
END GROUP
START GROUP
LOAD c:/st/stm32cubeide_1.9.0/stm32cubeide/plugins/com.st.stm32cube.ide.mcu.externaltools.gnu-tools-for-stm32.10.3-2021.10.win32_1.0.200.202301161003/tools/bin/../lib/gcc/arm-none-eabi/10.3.1/thumb/v7e-m+fp/hard\libgcc.a
LOAD c:/st/stm32cubeide_1.9.0/stm32cubeide/plugins/com.st.stm32cube.ide.mcu.externaltools.gnu-tools-for-stm32.10.3-2021.10.win32_1.0.200.202301161003/tools/bin/../lib/gcc/arm-none-eabi/10.3.1/../../../../arm-none-eabi/lib/thumb/v7e-m+fp/hard\libc_nano.a
LOAD c:/st/stm32cubeide_1.9.0/stm32cubeide/plugins/com.st.stm32cube.ide.mcu.externaltools.gnu-tools-for-stm32.10.3-2021.10.win32_1.0.200.202301161003/tools/bin/../lib/gcc/arm-none-eabi/10.3.1/../../../../arm-none-eabi/lib/thumb/v7e-m+fp/hard\libnosys.a
END GROUP
LOAD c:/st/stm32cubeide_1.9.0/stm32cubeide/plugins/com.st.stm32cube.ide.mcu.externaltools.gnu-tools-for-stm32.10.3-2021.10.win32_1.0.200.202301161003/tools/bin/../lib/gcc/arm-none-eabi/10.3.1/thumb/v7e-m+fp/hard/crtend.o
LOAD c:/st/stm32cubeide_1.9.0/stm32cubeide/plugins/com.st.stm32cube.ide.mcu.externaltools.gnu-tools-for-stm32.10.3-2021.10.win32_1.0.200.202301161003/tools/bin/../lib/gcc/arm-none-eabi/10.3.1/thumb/v7e-m+fp/hard/crtn.o
                0x0000000020020000                _estack = (ORIGIN (RAM) + LENGTH (RAM))
                0x0000000000000800                _Min_Heap_Size = 0x800
                0x0000000000000400                _Min_Stack_Size = 0x400

.isr_vector     0x0000000008000000      0x198
                0x0000000008000000                . = ALIGN (0x4)
 *(.isr_vector)
 .isr_vector    0x0000000008000000      0x198 ./Core/Startup/startup_stm32f411ceux.o
                0x0000000008000000                g_pfnVectors
                0x0000000008000198                . = ALIGN (0x4)

.text           0x0000000008000198     0x3d88
                0x0000000008000198                . = ALIGN (0x4)
 *(.text)
 .text          0x0000000008000198       0x40 c:/st/stm32cubeide_1.9.0/stm32cubeide/plugins/com.st.stm32cube.ide.mcu.externaltools.gnu-tools-for-stm32.10.3-2021.10.win32_1.0.200.202301161003/tools/bin/../lib/gcc/arm-none-eabi/10.3.1/thumb/v7e-m+fp/hard/crtbegin.o
 .text          0x00000000080001d8       0x30 c:/st/stm32cubeide_1.9.0/stm32cubeide/plugins/com.st.stm32cube.ide.mcu.externaltools.gnu-tools-for-stm32.10.3-2021.10.win32_1.0.200.202301161003/tools/bin/../lib/gcc/arm-none-eabi/10.3.1/thumb/v7e-m+fp/hard\libgcc.a(_aeabi_uldivmod.o)
                0x00000000080001d8                __aeabi_uldivmod
 .text          0x0000000008000208      0x2d0 c:/st/stm32cubeide_1.9.0/stm32cubeide/plugins/com.st.stm32cube.ide.mcu.externaltools.gnu-tools-for-stm32.10.3-2021.10.win32_1.0.200.202301161003/tools/bin/../lib/gcc/arm-none-eabi/10.3.1/thumb/v7e-m+fp/hard\libgcc.a(_udivmoddi4.o)
                0x0000000008000208                __udivmoddi4
 .text          0x00000000080004d8        0x4 c:/st/stm32cubeide_1.9.0/stm32cubeide/plugins/com.st.stm32cube.ide.mcu.externaltools.gnu-tools-for-stm32.10.3-2021.10.win32_1.0.200.202301161003/tools/bin/../lib/gcc/arm-none-eabi/10.3.1/thumb/v7e-m+fp/hard\libgcc.a(_dvmd_tls.o)
                0x00000000080004d8                __aeabi_idiv0
                0x00000000080004d8                __aeabi_ldiv0
 *(.text*)
 .text.DEV_SPI_WriteByte
                0x00000000080004dc       0x24 ./Core/Src/DEV_Config.o
                0x00000000080004dc                DEV_SPI_WriteByte
 .text.DEV_Module_Init
                0x0000000008000500       0x2c ./Core/Src/DEV_Config.o
                0x0000000008000500                DEV_Module_Init
 .text.DEV_Module_Exit
                0x000000000800052c       0x2c ./Core/Src/DEV_Config.o
                0x000000000800052c                DEV_Module_Exit
 .text.EPD_4IN2_Reset
                0x0000000008000558       0x3c ./Core/Src/EPD_4in2.o
 .text.EPD_4IN2_SendCommand
                0x0000000008000594       0x3c ./Core/Src/EPD_4in2.o
 .text.EPD_4IN2_SendData
                0x00000000080005d0       0x3c ./Core/Src/EPD_4in2.o
 .text.EPD_4IN2_ReadBusy
                0x000000000800060c       0x30 ./Core/Src/EPD_4in2.o
                0x000000000800060c                EPD_4IN2_ReadBusy
 .text.EPD_4IN2_TurnOnDisplay
                0x000000000800063c       0x18 ./Core/Src/EPD_4in2.o
 .text.EPD_4IN2_SetLut
                0x0000000008000654       0xd8 ./Core/Src/EPD_4in2.o
 .text.EPD_4IN2_Init
                0x000000000800072c       0xa4 ./Core/Src/EPD_4in2.o
                0x000000000800072c                EPD_4IN2_Init
 .text.EPD_4IN2_Clear
                0x00000000080007d0       0x90 ./Core/Src/EPD_4in2.o
                0x00000000080007d0                EPD_4IN2_Clear
 .text.EPD_4IN2_Display
                0x0000000008000860       0x66 ./Core/Src/EPD_4in2.o
                0x0000000008000860                EPD_4IN2_Display
 .text.EPD_4IN2_Sleep
                0x00000000080008c6       0x1e ./Core/Src/EPD_4in2.o
                0x00000000080008c6                EPD_4IN2_Sleep
 .text.love     0x00000000080008e4      0x380 ./Core/Src/EpaperDisplay.o
                0x00000000080008e4                love
 .text.Paint_NewImage
                0x0000000008000c64       0xac ./Core/Src/GUI_Paint.o
                0x0000000008000c64                Paint_NewImage
 .text.Paint_SelectImage
                0x0000000008000d10       0x20 ./Core/Src/GUI_Paint.o
                0x0000000008000d10                Paint_SelectImage
 .text.Paint_SetPixel
                0x0000000008000d30      0x298 ./Core/Src/GUI_Paint.o
                0x0000000008000d30                Paint_SetPixel
 .text.Paint_Clear
                0x0000000008000fc8       0xd8 ./Core/Src/GUI_Paint.o
                0x0000000008000fc8                Paint_Clear
 .text.Paint_DrawPoint
                0x00000000080010a0      0x12c ./Core/Src/GUI_Paint.o
                0x00000000080010a0                Paint_DrawPoint
 .text.Paint_DrawLine
                0x00000000080011cc      0x154 ./Core/Src/GUI_Paint.o
                0x00000000080011cc                Paint_DrawLine
 .text.Paint_DrawChar
                0x0000000008001320      0x14c ./Core/Src/GUI_Paint.o
                0x0000000008001320                Paint_DrawChar
 .text.Paint_DrawString_EN
                0x000000000800146c       0xa4 ./Core/Src/GUI_Paint.o
                0x000000000800146c                Paint_DrawString_EN
 .text.MX_GPIO_Init
                0x0000000008001510      0x104 ./Core/Src/gpio.o
                0x0000000008001510                MX_GPIO_Init
 .text.MX_I2C1_Init
                0x0000000008001614       0x5c ./Core/Src/i2c.o
                0x0000000008001614                MX_I2C1_Init
 .text.HAL_I2C_MspInit
                0x0000000008001670       0x90 ./Core/Src/i2c.o
                0x0000000008001670                HAL_I2C_MspInit
 .text.main     0x0000000008001700       0x2e ./Core/Src/main.o
                0x0000000008001700                main
 *fill*         0x000000000800172e        0x2 
 .text.SystemClock_Config
                0x0000000008001730       0xd8 ./Core/Src/main.o
                0x0000000008001730                SystemClock_Config
 .text.Error_Handler
                0x0000000008001808        0xe ./Core/Src/main.o
                0x0000000008001808                Error_Handler
 *fill*         0x0000000008001816        0x2 
 .text.MX_RTC_Init
                0x0000000008001818       0x4c ./Core/Src/rtc.o
                0x0000000008001818                MX_RTC_Init
 .text.HAL_RTC_MspInit
                0x0000000008001864       0x58 ./Core/Src/rtc.o
                0x0000000008001864                HAL_RTC_MspInit
 .text.MX_SPI1_Init
                0x00000000080018bc       0x6c ./Core/Src/spi.o
                0x00000000080018bc                MX_SPI1_Init
 .text.HAL_SPI_MspInit
                0x0000000008001928       0x90 ./Core/Src/spi.o
                0x0000000008001928                HAL_SPI_MspInit
 .text.HAL_MspInit
                0x00000000080019b8       0x50 ./Core/Src/stm32f4xx_hal_msp.o
                0x00000000080019b8                HAL_MspInit
 .text.NMI_Handler
                0x0000000008001a08        0xe ./Core/Src/stm32f4xx_it.o
                0x0000000008001a08                NMI_Handler
 .text.HardFault_Handler
                0x0000000008001a16        0x6 ./Core/Src/stm32f4xx_it.o
                0x0000000008001a16                HardFault_Handler
 .text.MemManage_Handler
                0x0000000008001a1c        0x6 ./Core/Src/stm32f4xx_it.o
                0x0000000008001a1c                MemManage_Handler
 .text.BusFault_Handler
                0x0000000008001a22        0x6 ./Core/Src/stm32f4xx_it.o
                0x0000000008001a22                BusFault_Handler
 .text.UsageFault_Handler
                0x0000000008001a28        0x6 ./Core/Src/stm32f4xx_it.o
                0x0000000008001a28                UsageFault_Handler
 .text.SVC_Handler
                0x0000000008001a2e        0xe ./Core/Src/stm32f4xx_it.o
                0x0000000008001a2e                SVC_Handler
 .text.DebugMon_Handler
                0x0000000008001a3c        0xe ./Core/Src/stm32f4xx_it.o
                0x0000000008001a3c                DebugMon_Handler
 .text.PendSV_Handler
                0x0000000008001a4a        0xe ./Core/Src/stm32f4xx_it.o
                0x0000000008001a4a                PendSV_Handler
 .text.SysTick_Handler
                0x0000000008001a58        0xc ./Core/Src/stm32f4xx_it.o
                0x0000000008001a58                SysTick_Handler
 .text._sbrk    0x0000000008001a64       0x6c ./Core/Src/sysmem.o
                0x0000000008001a64                _sbrk
 .text.SystemInit
                0x0000000008001ad0       0x6c ./Core/Src/system_stm32f4xx.o
                0x0000000008001ad0                SystemInit
 .text.MX_USART1_UART_Init
                0x0000000008001b3c       0x54 ./Core/Src/usart.o
                0x0000000008001b3c                MX_USART1_UART_Init
 .text.HAL_UART_MspInit
                0x0000000008001b90       0x90 ./Core/Src/usart.o
                0x0000000008001b90                HAL_UART_MspInit
 .text.Reset_Handler
                0x0000000008001c20       0x50 ./Core/Startup/startup_stm32f411ceux.o
                0x0000000008001c20                Reset_Handler
 .text.Default_Handler
                0x0000000008001c70        0x2 ./Core/Startup/startup_stm32f411ceux.o
                0x0000000008001c70                RTC_Alarm_IRQHandler
                0x0000000008001c70                EXTI2_IRQHandler
                0x0000000008001c70                SPI4_IRQHandler
                0x0000000008001c70                TIM1_CC_IRQHandler
                0x0000000008001c70                DMA2_Stream5_IRQHandler
                0x0000000008001c70                DMA1_Stream5_IRQHandler
                0x0000000008001c70                PVD_IRQHandler
                0x0000000008001c70                SDIO_IRQHandler
                0x0000000008001c70                TAMP_STAMP_IRQHandler
                0x0000000008001c70                EXTI3_IRQHandler
                0x0000000008001c70                TIM1_UP_TIM10_IRQHandler
                0x0000000008001c70                I2C3_ER_IRQHandler
                0x0000000008001c70                EXTI0_IRQHandler
                0x0000000008001c70                I2C2_EV_IRQHandler
                0x0000000008001c70                DMA1_Stream2_IRQHandler
                0x0000000008001c70                FPU_IRQHandler
                0x0000000008001c70                DMA2_Stream2_IRQHandler
                0x0000000008001c70                SPI1_IRQHandler
                0x0000000008001c70                TIM1_BRK_TIM9_IRQHandler
                0x0000000008001c70                DMA2_Stream3_IRQHandler
                0x0000000008001c70                USART6_IRQHandler
                0x0000000008001c70                DMA2_Stream0_IRQHandler
                0x0000000008001c70                TIM4_IRQHandler
                0x0000000008001c70                I2C1_EV_IRQHandler
                0x0000000008001c70                DMA1_Stream6_IRQHandler
                0x0000000008001c70                DMA1_Stream1_IRQHandler
                0x0000000008001c70                TIM3_IRQHandler
                0x0000000008001c70                RCC_IRQHandler
                0x0000000008001c70                Default_Handler
                0x0000000008001c70                EXTI15_10_IRQHandler
                0x0000000008001c70                ADC_IRQHandler
                0x0000000008001c70                DMA1_Stream7_IRQHandler
                0x0000000008001c70                SPI5_IRQHandler
                0x0000000008001c70                TIM5_IRQHandler
                0x0000000008001c70                DMA2_Stream7_IRQHandler
                0x0000000008001c70                I2C3_EV_IRQHandler
                0x0000000008001c70                EXTI9_5_IRQHandler
                0x0000000008001c70                RTC_WKUP_IRQHandler
                0x0000000008001c70                SPI2_IRQHandler
                0x0000000008001c70                DMA1_Stream0_IRQHandler
                0x0000000008001c70                EXTI4_IRQHandler
                0x0000000008001c70                WWDG_IRQHandler
                0x0000000008001c70                TIM2_IRQHandler
                0x0000000008001c70                OTG_FS_WKUP_IRQHandler
                0x0000000008001c70                TIM1_TRG_COM_TIM11_IRQHandler
                0x0000000008001c70                EXTI1_IRQHandler
                0x0000000008001c70                USART2_IRQHandler
                0x0000000008001c70                I2C2_ER_IRQHandler
                0x0000000008001c70                DMA2_Stream1_IRQHandler
                0x0000000008001c70                FLASH_IRQHandler
                0x0000000008001c70                DMA2_Stream4_IRQHandler
                0x0000000008001c70                USART1_IRQHandler
                0x0000000008001c70                OTG_FS_IRQHandler
                0x0000000008001c70                SPI3_IRQHandler
                0x0000000008001c70                DMA1_Stream4_IRQHandler
                0x0000000008001c70                I2C1_ER_IRQHandler
                0x0000000008001c70                DMA2_Stream6_IRQHandler
                0x0000000008001c70                DMA1_Stream3_IRQHandler
 *fill*         0x0000000008001c72        0x2 
 .text.HAL_Init
                0x0000000008001c74       0x44 ./Drivers/STM32F4xx_HAL_Driver/Src/stm32f4xx_hal.o
                0x0000000008001c74                HAL_Init
 .text.HAL_InitTick
                0x0000000008001cb8       0x60 ./Drivers/STM32F4xx_HAL_Driver/Src/stm32f4xx_hal.o
                0x0000000008001cb8                HAL_InitTick
 .text.HAL_IncTick
                0x0000000008001d18       0x28 ./Drivers/STM32F4xx_HAL_Driver/Src/stm32f4xx_hal.o
                0x0000000008001d18                HAL_IncTick
 .text.HAL_GetTick
                0x0000000008001d40       0x18 ./Drivers/STM32F4xx_HAL_Driver/Src/stm32f4xx_hal.o
                0x0000000008001d40                HAL_GetTick
 .text.HAL_Delay
                0x0000000008001d58       0x48 ./Drivers/STM32F4xx_HAL_Driver/Src/stm32f4xx_hal.o
                0x0000000008001d58                HAL_Delay
 .text.__NVIC_SetPriorityGrouping
                0x0000000008001da0       0x48 ./Drivers/STM32F4xx_HAL_Driver/Src/stm32f4xx_hal_cortex.o
 .text.__NVIC_GetPriorityGrouping
                0x0000000008001de8       0x1c ./Drivers/STM32F4xx_HAL_Driver/Src/stm32f4xx_hal_cortex.o
 .text.__NVIC_SetPriority
                0x0000000008001e04       0x54 ./Drivers/STM32F4xx_HAL_Driver/Src/stm32f4xx_hal_cortex.o
 .text.NVIC_EncodePriority
                0x0000000008001e58       0x66 ./Drivers/STM32F4xx_HAL_Driver/Src/stm32f4xx_hal_cortex.o
 *fill*         0x0000000008001ebe        0x2 
 .text.SysTick_Config
                0x0000000008001ec0       0x44 ./Drivers/STM32F4xx_HAL_Driver/Src/stm32f4xx_hal_cortex.o
 .text.HAL_NVIC_SetPriorityGrouping
                0x0000000008001f04       0x16 ./Drivers/STM32F4xx_HAL_Driver/Src/stm32f4xx_hal_cortex.o
                0x0000000008001f04                HAL_NVIC_SetPriorityGrouping
 .text.HAL_NVIC_SetPriority
                0x0000000008001f1a       0x38 ./Drivers/STM32F4xx_HAL_Driver/Src/stm32f4xx_hal_cortex.o
                0x0000000008001f1a                HAL_NVIC_SetPriority
 .text.HAL_SYSTICK_Config
                0x0000000008001f52       0x18 ./Drivers/STM32F4xx_HAL_Driver/Src/stm32f4xx_hal_cortex.o
                0x0000000008001f52                HAL_SYSTICK_Config
 *fill*         0x0000000008001f6a        0x2 
 .text.HAL_GPIO_Init
                0x0000000008001f6c      0x308 ./Drivers/STM32F4xx_HAL_Driver/Src/stm32f4xx_hal_gpio.o
                0x0000000008001f6c                HAL_GPIO_Init
 .text.HAL_GPIO_ReadPin
                0x0000000008002274       0x30 ./Drivers/STM32F4xx_HAL_Driver/Src/stm32f4xx_hal_gpio.o
                0x0000000008002274                HAL_GPIO_ReadPin
 .text.HAL_GPIO_WritePin
                0x00000000080022a4       0x32 ./Drivers/STM32F4xx_HAL_Driver/Src/stm32f4xx_hal_gpio.o
                0x00000000080022a4                HAL_GPIO_WritePin
 *fill*         0x00000000080022d6        0x2 
 .text.HAL_I2C_Init
                0x00000000080022d8      0x288 ./Drivers/STM32F4xx_HAL_Driver/Src/stm32f4xx_hal_i2c.o
                0x00000000080022d8                HAL_I2C_Init
 .text.HAL_RCC_OscConfig
                0x0000000008002560      0x4f0 ./Drivers/STM32F4xx_HAL_Driver/Src/stm32f4xx_hal_rcc.o
                0x0000000008002560                HAL_RCC_OscConfig
 .text.HAL_RCC_ClockConfig
                0x0000000008002a50      0x1cc ./Drivers/STM32F4xx_HAL_Driver/Src/stm32f4xx_hal_rcc.o
                0x0000000008002a50                HAL_RCC_ClockConfig
 .text.HAL_RCC_GetSysClockFreq
                0x0000000008002c1c      0x18c ./Drivers/STM32F4xx_HAL_Driver/Src/stm32f4xx_hal_rcc.o
                0x0000000008002c1c                HAL_RCC_GetSysClockFreq
 .text.HAL_RCC_GetHCLKFreq
                0x0000000008002da8       0x18 ./Drivers/STM32F4xx_HAL_Driver/Src/stm32f4xx_hal_rcc.o
                0x0000000008002da8                HAL_RCC_GetHCLKFreq
 .text.HAL_RCC_GetPCLK1Freq
                0x0000000008002dc0       0x28 ./Drivers/STM32F4xx_HAL_Driver/Src/stm32f4xx_hal_rcc.o
                0x0000000008002dc0                HAL_RCC_GetPCLK1Freq
 .text.HAL_RCC_GetPCLK2Freq
                0x0000000008002de8       0x28 ./Drivers/STM32F4xx_HAL_Driver/Src/stm32f4xx_hal_rcc.o
                0x0000000008002de8                HAL_RCC_GetPCLK2Freq
 .text.HAL_RCCEx_PeriphCLKConfig
                0x0000000008002e10      0x1e0 ./Drivers/STM32F4xx_HAL_Driver/Src/stm32f4xx_hal_rcc_ex.o
                0x0000000008002e10                HAL_RCCEx_PeriphCLKConfig
 .text.HAL_RTC_Init
                0x0000000008002ff0       0xec ./Drivers/STM32F4xx_HAL_Driver/Src/stm32f4xx_hal_rtc.o
                0x0000000008002ff0                HAL_RTC_Init
 .text.HAL_RTC_WaitForSynchro
                0x00000000080030dc       0x50 ./Drivers/STM32F4xx_HAL_Driver/Src/stm32f4xx_hal_rtc.o
                0x00000000080030dc                HAL_RTC_WaitForSynchro
 .text.RTC_EnterInitMode
                0x000000000800312c       0x6e ./Drivers/STM32F4xx_HAL_Driver/Src/stm32f4xx_hal_rtc.o
                0x000000000800312c                RTC_EnterInitMode
 .text.RTC_ExitInitMode
                0x000000000800319a       0x4a ./Drivers/STM32F4xx_HAL_Driver/Src/stm32f4xx_hal_rtc.o
                0x000000000800319a                RTC_ExitInitMode
 .text.HAL_SPI_Init
                0x00000000080031e4      0x112 ./Drivers/STM32F4xx_HAL_Driver/Src/stm32f4xx_hal_spi.o
                0x00000000080031e4                HAL_SPI_Init
 .text.HAL_SPI_Transmit
                0x00000000080032f6      0x278 ./Drivers/STM32F4xx_HAL_Driver/Src/stm32f4xx_hal_spi.o
                0x00000000080032f6                HAL_SPI_Transmit
 *fill*         0x000000000800356e        0x2 
 .text.SPI_WaitFlagStateUntilTimeout
                0x0000000008003570      0x110 ./Drivers/STM32F4xx_HAL_Driver/Src/stm32f4xx_hal_spi.o
 .text.SPI_EndRxTxTransaction
                0x0000000008003680       0x84 ./Drivers/STM32F4xx_HAL_Driver/Src/stm32f4xx_hal_spi.o
 .text.HAL_UART_Init
                0x0000000008003704       0x9a ./Drivers/STM32F4xx_HAL_Driver/Src/stm32f4xx_hal_uart.o
                0x0000000008003704                HAL_UART_Init
 *fill*         0x000000000800379e        0x2 
 .text.UART_SetConfig
                0x00000000080037a0      0x4e8 ./Drivers/STM32F4xx_HAL_Driver/Src/stm32f4xx_hal_uart.o
 .text.__errno  0x0000000008003c88        0xc c:/st/stm32cubeide_1.9.0/stm32cubeide/plugins/com.st.stm32cube.ide.mcu.externaltools.gnu-tools-for-stm32.10.3-2021.10.win32_1.0.200.202301161003/tools/bin/../lib/gcc/arm-none-eabi/10.3.1/../../../../arm-none-eabi/lib/thumb/v7e-m+fp/hard\libc_nano.a(lib_a-errno.o)
                0x0000000008003c88                __errno
 .text.__libc_init_array
                0x0000000008003c94       0x48 c:/st/stm32cubeide_1.9.0/stm32cubeide/plugins/com.st.stm32cube.ide.mcu.externaltools.gnu-tools-for-stm32.10.3-2021.10.win32_1.0.200.202301161003/tools/bin/../lib/gcc/arm-none-eabi/10.3.1/../../../../arm-none-eabi/lib/thumb/v7e-m+fp/hard\libc_nano.a(lib_a-init.o)
                0x0000000008003c94                __libc_init_array
 .text.malloc   0x0000000008003cdc       0x10 c:/st/stm32cubeide_1.9.0/stm32cubeide/plugins/com.st.stm32cube.ide.mcu.externaltools.gnu-tools-for-stm32.10.3-2021.10.win32_1.0.200.202301161003/tools/bin/../lib/gcc/arm-none-eabi/10.3.1/../../../../arm-none-eabi/lib/thumb/v7e-m+fp/hard\libc_nano.a(lib_a-malloc.o)
                0x0000000008003cdc                malloc
 .text.free     0x0000000008003cec       0x10 c:/st/stm32cubeide_1.9.0/stm32cubeide/plugins/com.st.stm32cube.ide.mcu.externaltools.gnu-tools-for-stm32.10.3-2021.10.win32_1.0.200.202301161003/tools/bin/../lib/gcc/arm-none-eabi/10.3.1/../../../../arm-none-eabi/lib/thumb/v7e-m+fp/hard\libc_nano.a(lib_a-malloc.o)
                0x0000000008003cec                free
 .text.memset   0x0000000008003cfc       0x10 c:/st/stm32cubeide_1.9.0/stm32cubeide/plugins/com.st.stm32cube.ide.mcu.externaltools.gnu-tools-for-stm32.10.3-2021.10.win32_1.0.200.202301161003/tools/bin/../lib/gcc/arm-none-eabi/10.3.1/../../../../arm-none-eabi/lib/thumb/v7e-m+fp/hard\libc_nano.a(lib_a-memset.o)
                0x0000000008003cfc                memset
 .text._free_r  0x0000000008003d0c       0x98 c:/st/stm32cubeide_1.9.0/stm32cubeide/plugins/com.st.stm32cube.ide.mcu.externaltools.gnu-tools-for-stm32.10.3-2021.10.win32_1.0.200.202301161003/tools/bin/../lib/gcc/arm-none-eabi/10.3.1/../../../../arm-none-eabi/lib/thumb/v7e-m+fp/hard\libc_nano.a(lib_a-nano-freer.o)
                0x0000000008003d0c                _free_r
 .text.sbrk_aligned
                0x0000000008003da4       0x40 c:/st/stm32cubeide_1.9.0/stm32cubeide/plugins/com.st.stm32cube.ide.mcu.externaltools.gnu-tools-for-stm32.10.3-2021.10.win32_1.0.200.202301161003/tools/bin/../lib/gcc/arm-none-eabi/10.3.1/../../../../arm-none-eabi/lib/thumb/v7e-m+fp/hard\libc_nano.a(lib_a-nano-mallocr.o)
 .text._malloc_r
                0x0000000008003de4       0xe8 c:/st/stm32cubeide_1.9.0/stm32cubeide/plugins/com.st.stm32cube.ide.mcu.externaltools.gnu-tools-for-stm32.10.3-2021.10.win32_1.0.200.202301161003/tools/bin/../lib/gcc/arm-none-eabi/10.3.1/../../../../arm-none-eabi/lib/thumb/v7e-m+fp/hard\libc_nano.a(lib_a-nano-mallocr.o)
                0x0000000008003de4                _malloc_r
 .text._sbrk_r  0x0000000008003ecc       0x20 c:/st/stm32cubeide_1.9.0/stm32cubeide/plugins/com.st.stm32cube.ide.mcu.externaltools.gnu-tools-for-stm32.10.3-2021.10.win32_1.0.200.202301161003/tools/bin/../lib/gcc/arm-none-eabi/10.3.1/../../../../arm-none-eabi/lib/thumb/v7e-m+fp/hard\libc_nano.a(lib_a-sbrkr.o)
                0x0000000008003ecc                _sbrk_r
 .text.__malloc_lock
                0x0000000008003eec        0xc c:/st/stm32cubeide_1.9.0/stm32cubeide/plugins/com.st.stm32cube.ide.mcu.externaltools.gnu-tools-for-stm32.10.3-2021.10.win32_1.0.200.202301161003/tools/bin/../lib/gcc/arm-none-eabi/10.3.1/../../../../arm-none-eabi/lib/thumb/v7e-m+fp/hard\libc_nano.a(lib_a-mlock.o)
                0x0000000008003eec                __malloc_lock
 .text.__malloc_unlock
                0x0000000008003ef8        0xc c:/st/stm32cubeide_1.9.0/stm32cubeide/plugins/com.st.stm32cube.ide.mcu.externaltools.gnu-tools-for-stm32.10.3-2021.10.win32_1.0.200.202301161003/tools/bin/../lib/gcc/arm-none-eabi/10.3.1/../../../../arm-none-eabi/lib/thumb/v7e-m+fp/hard\libc_nano.a(lib_a-mlock.o)
                0x0000000008003ef8                __malloc_unlock
 .text.__retarget_lock_acquire_recursive
                0x0000000008003f04        0x2 c:/st/stm32cubeide_1.9.0/stm32cubeide/plugins/com.st.stm32cube.ide.mcu.externaltools.gnu-tools-for-stm32.10.3-2021.10.win32_1.0.200.202301161003/tools/bin/../lib/gcc/arm-none-eabi/10.3.1/../../../../arm-none-eabi/lib/thumb/v7e-m+fp/hard\libc_nano.a(lib_a-lock.o)
                0x0000000008003f04                __retarget_lock_acquire_recursive
 .text.__retarget_lock_release_recursive
                0x0000000008003f06        0x2 c:/st/stm32cubeide_1.9.0/stm32cubeide/plugins/com.st.stm32cube.ide.mcu.externaltools.gnu-tools-for-stm32.10.3-2021.10.win32_1.0.200.202301161003/tools/bin/../lib/gcc/arm-none-eabi/10.3.1/../../../../arm-none-eabi/lib/thumb/v7e-m+fp/hard\libc_nano.a(lib_a-lock.o)
                0x0000000008003f06                __retarget_lock_release_recursive
 *(.glue_7)
 .glue_7        0x0000000008003f08        0x0 linker stubs
 *(.glue_7t)
 .glue_7t       0x0000000008003f08        0x0 linker stubs
 *(.eh_frame)
 .eh_frame      0x0000000008003f08        0x0 c:/st/stm32cubeide_1.9.0/stm32cubeide/plugins/com.st.stm32cube.ide.mcu.externaltools.gnu-tools-for-stm32.10.3-2021.10.win32_1.0.200.202301161003/tools/bin/../lib/gcc/arm-none-eabi/10.3.1/thumb/v7e-m+fp/hard/crtbegin.o
 *(.init)
 .init          0x0000000008003f08        0x4 c:/st/stm32cubeide_1.9.0/stm32cubeide/plugins/com.st.stm32cube.ide.mcu.externaltools.gnu-tools-for-stm32.10.3-2021.10.win32_1.0.200.202301161003/tools/bin/../lib/gcc/arm-none-eabi/10.3.1/thumb/v7e-m+fp/hard/crti.o
                0x0000000008003f08                _init
 .init          0x0000000008003f0c        0x8 c:/st/stm32cubeide_1.9.0/stm32cubeide/plugins/com.st.stm32cube.ide.mcu.externaltools.gnu-tools-for-stm32.10.3-2021.10.win32_1.0.200.202301161003/tools/bin/../lib/gcc/arm-none-eabi/10.3.1/thumb/v7e-m+fp/hard/crtn.o
 *(.fini)
 .fini          0x0000000008003f14        0x4 c:/st/stm32cubeide_1.9.0/stm32cubeide/plugins/com.st.stm32cube.ide.mcu.externaltools.gnu-tools-for-stm32.10.3-2021.10.win32_1.0.200.202301161003/tools/bin/../lib/gcc/arm-none-eabi/10.3.1/thumb/v7e-m+fp/hard/crti.o
                0x0000000008003f14                _fini
 .fini          0x0000000008003f18        0x8 c:/st/stm32cubeide_1.9.0/stm32cubeide/plugins/com.st.stm32cube.ide.mcu.externaltools.gnu-tools-for-stm32.10.3-2021.10.win32_1.0.200.202301161003/tools/bin/../lib/gcc/arm-none-eabi/10.3.1/thumb/v7e-m+fp/hard/crtn.o
                0x0000000008003f20                . = ALIGN (0x4)
                0x0000000008003f20                _etext = .

.vfp11_veneer   0x0000000008003f20        0x0
 .vfp11_veneer  0x0000000008003f20        0x0 linker stubs

.v4_bx          0x0000000008003f20        0x0
 .v4_bx         0x0000000008003f20        0x0 linker stubs

.iplt           0x0000000008003f20        0x0
 .iplt          0x0000000008003f20        0x0 c:/st/stm32cubeide_1.9.0/stm32cubeide/plugins/com.st.stm32cube.ide.mcu.externaltools.gnu-tools-for-stm32.10.3-2021.10.win32_1.0.200.202301161003/tools/bin/../lib/gcc/arm-none-eabi/10.3.1/thumb/v7e-m+fp/hard/crtbegin.o

.rodata         0x0000000008003f20     0x2acc
                0x0000000008003f20                . = ALIGN (0x4)
 *(.rodata)
 .rodata        0x0000000008003f20       0x48 ./Core/Src/EpaperDisplay.o
 *(.rodata*)
 .rodata.EPD_4IN2_lut_vcom0
                0x0000000008003f68       0x2c ./Core/Src/EPD_4in2.o
 .rodata.EPD_4IN2_lut_ww
                0x0000000008003f94       0x2a ./Core/Src/EPD_4in2.o
 *fill*         0x0000000008003fbe        0x2 
 .rodata.EPD_4IN2_lut_bw
                0x0000000008003fc0       0x2a ./Core/Src/EPD_4in2.o
 *fill*         0x0000000008003fea        0x2 
 .rodata.EPD_4IN2_lut_wb
                0x0000000008003fec       0x2a ./Core/Src/EPD_4in2.o
 *fill*         0x0000000008004016        0x2 
 .rodata.EPD_4IN2_lut_bb
                0x0000000008004018       0x2a ./Core/Src/EPD_4in2.o
 *fill*         0x0000000008004042        0x2 
 .rodata.Font20_Table
                0x0000000008004044      0xed8 ./Core/Src/font20.o
                0x0000000008004044                Font20_Table
 .rodata.Font24_Table
                0x0000000008004f1c     0x1ab8 ./Core/Src/font24.o
                0x0000000008004f1c                Font24_Table
 .rodata.AHBPrescTable
                0x00000000080069d4       0x10 ./Core/Src/system_stm32f4xx.o
                0x00000000080069d4                AHBPrescTable
 .rodata.APBPrescTable
                0x00000000080069e4        0x8 ./Core/Src/system_stm32f4xx.o
                0x00000000080069e4                APBPrescTable
                0x00000000080069ec                . = ALIGN (0x4)

.ARM.extab      0x00000000080069ec        0x0
                0x00000000080069ec                . = ALIGN (0x4)
 *(.ARM.extab* .gnu.linkonce.armextab.*)
                0x00000000080069ec                . = ALIGN (0x4)

.ARM            0x00000000080069ec        0x8
                0x00000000080069ec                . = ALIGN (0x4)
                0x00000000080069ec                __exidx_start = .
 *(.ARM.exidx*)
 .ARM.exidx     0x00000000080069ec        0x8 c:/st/stm32cubeide_1.9.0/stm32cubeide/plugins/com.st.stm32cube.ide.mcu.externaltools.gnu-tools-for-stm32.10.3-2021.10.win32_1.0.200.202301161003/tools/bin/../lib/gcc/arm-none-eabi/10.3.1/thumb/v7e-m+fp/hard\libgcc.a(_udivmoddi4.o)
                0x00000000080069f4                __exidx_end = .
                0x00000000080069f4                . = ALIGN (0x4)

.rel.dyn        0x00000000080069f4        0x0
 .rel.iplt      0x00000000080069f4        0x0 c:/st/stm32cubeide_1.9.0/stm32cubeide/plugins/com.st.stm32cube.ide.mcu.externaltools.gnu-tools-for-stm32.10.3-2021.10.win32_1.0.200.202301161003/tools/bin/../lib/gcc/arm-none-eabi/10.3.1/thumb/v7e-m+fp/hard/crtbegin.o

.preinit_array  0x00000000080069f4        0x0
                0x00000000080069f4                . = ALIGN (0x4)
                0x00000000080069f4                PROVIDE (__preinit_array_start = .)
 *(.preinit_array*)
                0x00000000080069f4                PROVIDE (__preinit_array_end = .)
                0x00000000080069f4                . = ALIGN (0x4)

.init_array     0x00000000080069f4        0x4
                0x00000000080069f4                . = ALIGN (0x4)
                0x00000000080069f4                PROVIDE (__init_array_start = .)
 *(SORT_BY_NAME(.init_array.*))
 *(.init_array*)
 .init_array    0x00000000080069f4        0x4 c:/st/stm32cubeide_1.9.0/stm32cubeide/plugins/com.st.stm32cube.ide.mcu.externaltools.gnu-tools-for-stm32.10.3-2021.10.win32_1.0.200.202301161003/tools/bin/../lib/gcc/arm-none-eabi/10.3.1/thumb/v7e-m+fp/hard/crtbegin.o
                0x00000000080069f8                PROVIDE (__init_array_end = .)
                0x00000000080069f8                . = ALIGN (0x4)

.fini_array     0x00000000080069f8        0x4
                0x00000000080069f8                . = ALIGN (0x4)
                [!provide]                        PROVIDE (__fini_array_start = .)
 *(SORT_BY_NAME(.fini_array.*))
 *(.fini_array*)
 .fini_array    0x00000000080069f8        0x4 c:/st/stm32cubeide_1.9.0/stm32cubeide/plugins/com.st.stm32cube.ide.mcu.externaltools.gnu-tools-for-stm32.10.3-2021.10.win32_1.0.200.202301161003/tools/bin/../lib/gcc/arm-none-eabi/10.3.1/thumb/v7e-m+fp/hard/crtbegin.o
                [!provide]                        PROVIDE (__fini_array_end = .)
                0x00000000080069fc                . = ALIGN (0x4)
                0x00000000080069fc                _sidata = LOADADDR (.data)

.data           0x0000000020000000       0x80 load address 0x00000000080069fc
                0x0000000020000000                . = ALIGN (0x4)
                0x0000000020000000                _sdata = .
 *(.data)
 *(.data*)
 .data.Font20   0x0000000020000000        0x8 ./Core/Src/font20.o
                0x0000000020000000                Font20
 .data.Font24   0x0000000020000008        0x8 ./Core/Src/font24.o
                0x0000000020000008                Font24
 .data.SystemCoreClock
                0x0000000020000010        0x4 ./Core/Src/system_stm32f4xx.o
                0x0000000020000010                SystemCoreClock
 .data.uwTickPrio
                0x0000000020000014        0x4 ./Drivers/STM32F4xx_HAL_Driver/Src/stm32f4xx_hal.o
                0x0000000020000014                uwTickPrio
 .data.uwTickFreq
                0x0000000020000018        0x1 ./Drivers/STM32F4xx_HAL_Driver/Src/stm32f4xx_hal.o
                0x0000000020000018                uwTickFreq
 *fill*         0x0000000020000019        0x3 
 .data._impure_ptr
                0x000000002000001c        0x4 c:/st/stm32cubeide_1.9.0/stm32cubeide/plugins/com.st.stm32cube.ide.mcu.externaltools.gnu-tools-for-stm32.10.3-2021.10.win32_1.0.200.202301161003/tools/bin/../lib/gcc/arm-none-eabi/10.3.1/../../../../arm-none-eabi/lib/thumb/v7e-m+fp/hard\libc_nano.a(lib_a-impure.o)
                0x000000002000001c                _impure_ptr
 .data.impure_data
                0x0000000020000020       0x60 c:/st/stm32cubeide_1.9.0/stm32cubeide/plugins/com.st.stm32cube.ide.mcu.externaltools.gnu-tools-for-stm32.10.3-2021.10.win32_1.0.200.202301161003/tools/bin/../lib/gcc/arm-none-eabi/10.3.1/../../../../arm-none-eabi/lib/thumb/v7e-m+fp/hard\libc_nano.a(lib_a-impure.o)
 *(.RamFunc)
 *(.RamFunc*)
                0x0000000020000080                . = ALIGN (0x4)
                0x0000000020000080                _edata = .

.igot.plt       0x0000000020000080        0x0 load address 0x0000000008006a7c
 .igot.plt      0x0000000020000080        0x0 c:/st/stm32cubeide_1.9.0/stm32cubeide/plugins/com.st.stm32cube.ide.mcu.externaltools.gnu-tools-for-stm32.10.3-2021.10.win32_1.0.200.202301161003/tools/bin/../lib/gcc/arm-none-eabi/10.3.1/thumb/v7e-m+fp/hard/crtbegin.o
                0x0000000020000080                . = ALIGN (0x4)

.bss            0x0000000020000080      0x15c load address 0x0000000008006a7c
                0x0000000020000080                _sbss = .
                0x0000000020000080                __bss_start__ = _sbss
 *(.bss)
 .bss           0x0000000020000080       0x1c c:/st/stm32cubeide_1.9.0/stm32cubeide/plugins/com.st.stm32cube.ide.mcu.externaltools.gnu-tools-for-stm32.10.3-2021.10.win32_1.0.200.202301161003/tools/bin/../lib/gcc/arm-none-eabi/10.3.1/thumb/v7e-m+fp/hard/crtbegin.o
 *(.bss*)
 .bss.Paint     0x000000002000009c       0x18 ./Core/Src/GUI_Paint.o
                0x000000002000009c                Paint
 .bss.hi2c1     0x00000000200000b4       0x54 ./Core/Src/i2c.o
                0x00000000200000b4                hi2c1
 .bss.hrtc      0x0000000020000108       0x20 ./Core/Src/rtc.o
                0x0000000020000108                hrtc
 .bss.hspi1     0x0000000020000128       0x58 ./Core/Src/spi.o
                0x0000000020000128                hspi1
 .bss.__sbrk_heap_end
                0x0000000020000180        0x4 ./Core/Src/sysmem.o
 .bss.huart1    0x0000000020000184       0x44 ./Core/Src/usart.o
                0x0000000020000184                huart1
 .bss.uwTick    0x00000000200001c8        0x4 ./Drivers/STM32F4xx_HAL_Driver/Src/stm32f4xx_hal.o
                0x00000000200001c8                uwTick
 .bss.__malloc_free_list
                0x00000000200001cc        0x4 c:/st/stm32cubeide_1.9.0/stm32cubeide/plugins/com.st.stm32cube.ide.mcu.externaltools.gnu-tools-for-stm32.10.3-2021.10.win32_1.0.200.202301161003/tools/bin/../lib/gcc/arm-none-eabi/10.3.1/../../../../arm-none-eabi/lib/thumb/v7e-m+fp/hard\libc_nano.a(lib_a-nano-mallocr.o)
                0x00000000200001cc                __malloc_free_list
 .bss.__malloc_sbrk_start
                0x00000000200001d0        0x4 c:/st/stm32cubeide_1.9.0/stm32cubeide/plugins/com.st.stm32cube.ide.mcu.externaltools.gnu-tools-for-stm32.10.3-2021.10.win32_1.0.200.202301161003/tools/bin/../lib/gcc/arm-none-eabi/10.3.1/../../../../arm-none-eabi/lib/thumb/v7e-m+fp/hard\libc_nano.a(lib_a-nano-mallocr.o)
                0x00000000200001d0                __malloc_sbrk_start
 .bss.errno     0x00000000200001d4        0x4 c:/st/stm32cubeide_1.9.0/stm32cubeide/plugins/com.st.stm32cube.ide.mcu.externaltools.gnu-tools-for-stm32.10.3-2021.10.win32_1.0.200.202301161003/tools/bin/../lib/gcc/arm-none-eabi/10.3.1/../../../../arm-none-eabi/lib/thumb/v7e-m+fp/hard\libc_nano.a(lib_a-reent.o)
                0x00000000200001d4                errno
 .bss.__lock___malloc_recursive_mutex
                0x00000000200001d8        0x1 c:/st/stm32cubeide_1.9.0/stm32cubeide/plugins/com.st.stm32cube.ide.mcu.externaltools.gnu-tools-for-stm32.10.3-2021.10.win32_1.0.200.202301161003/tools/bin/../lib/gcc/arm-none-eabi/10.3.1/../../../../arm-none-eabi/lib/thumb/v7e-m+fp/hard\libc_nano.a(lib_a-lock.o)
                0x00000000200001d8                __lock___malloc_recursive_mutex
 *(COMMON)
                0x00000000200001dc                . = ALIGN (0x4)
 *fill*         0x00000000200001d9        0x3 
                0x00000000200001dc                _ebss = .
                0x00000000200001dc                __bss_end__ = _ebss

._user_heap_stack
                0x00000000200001dc      0xc04 load address 0x0000000008006a7c
                0x00000000200001e0                . = ALIGN (0x8)
 *fill*         0x00000000200001dc        0x4 
                [!provide]                        PROVIDE (end = .)
                0x00000000200001e0                PROVIDE (_end = .)
                0x00000000200009e0                . = (. + _Min_Heap_Size)
 *fill*         0x00000000200001e0      0x800 
                0x0000000020000de0                . = (. + _Min_Stack_Size)
 *fill*         0x00000000200009e0      0x400 
                0x0000000020000de0                . = ALIGN (0x8)

/DISCARD/
 libc.a(*)
 libm.a(*)
 libgcc.a(*)

.ARM.attributes
                0x0000000000000000       0x30
 *(.ARM.attributes)
 .ARM.attributes
                0x0000000000000000       0x1e c:/st/stm32cubeide_1.9.0/stm32cubeide/plugins/com.st.stm32cube.ide.mcu.externaltools.gnu-tools-for-stm32.10.3-2021.10.win32_1.0.200.202301161003/tools/bin/../lib/gcc/arm-none-eabi/10.3.1/thumb/v7e-m+fp/hard/crti.o
 .ARM.attributes
                0x000000000000001e       0x34 c:/st/stm32cubeide_1.9.0/stm32cubeide/plugins/com.st.stm32cube.ide.mcu.externaltools.gnu-tools-for-stm32.10.3-2021.10.win32_1.0.200.202301161003/tools/bin/../lib/gcc/arm-none-eabi/10.3.1/thumb/v7e-m+fp/hard/crtbegin.o
 .ARM.attributes
                0x0000000000000052       0x34 ./Core/Src/DEV_Config.o
 .ARM.attributes
                0x0000000000000086       0x34 ./Core/Src/EPD_4in2.o
 .ARM.attributes
                0x00000000000000ba       0x34 ./Core/Src/EpaperDisplay.o
 .ARM.attributes
                0x00000000000000ee       0x34 ./Core/Src/GUI_Paint.o
 .ARM.attributes
                0x0000000000000122       0x34 ./Core/Src/font20.o
 .ARM.attributes
                0x0000000000000156       0x34 ./Core/Src/font24.o
 .ARM.attributes
                0x000000000000018a       0x34 ./Core/Src/gpio.o
 .ARM.attributes
                0x00000000000001be       0x34 ./Core/Src/i2c.o
 .ARM.attributes
                0x00000000000001f2       0x34 ./Core/Src/main.o
 .ARM.attributes
                0x0000000000000226       0x34 ./Core/Src/rtc.o
 .ARM.attributes
                0x000000000000025a       0x34 ./Core/Src/spi.o
 .ARM.attributes
                0x000000000000028e       0x34 ./Core/Src/stm32f4xx_hal_msp.o
 .ARM.attributes
                0x00000000000002c2       0x34 ./Core/Src/stm32f4xx_it.o
 .ARM.attributes
                0x00000000000002f6       0x34 ./Core/Src/sysmem.o
 .ARM.attributes
                0x000000000000032a       0x34 ./Core/Src/system_stm32f4xx.o
 .ARM.attributes
                0x000000000000035e       0x34 ./Core/Src/usart.o
 .ARM.attributes
                0x0000000000000392       0x21 ./Core/Startup/startup_stm32f411ceux.o
 .ARM.attributes
                0x00000000000003b3       0x34 ./Drivers/STM32F4xx_HAL_Driver/Src/stm32f4xx_hal.o
 .ARM.attributes
                0x00000000000003e7       0x34 ./Drivers/STM32F4xx_HAL_Driver/Src/stm32f4xx_hal_cortex.o
 .ARM.attributes
                0x000000000000041b       0x34 ./Drivers/STM32F4xx_HAL_Driver/Src/stm32f4xx_hal_gpio.o
 .ARM.attributes
                0x000000000000044f       0x34 ./Drivers/STM32F4xx_HAL_Driver/Src/stm32f4xx_hal_i2c.o
 .ARM.attributes
                0x0000000000000483       0x34 ./Drivers/STM32F4xx_HAL_Driver/Src/stm32f4xx_hal_rcc.o
 .ARM.attributes
                0x00000000000004b7       0x34 ./Drivers/STM32F4xx_HAL_Driver/Src/stm32f4xx_hal_rcc_ex.o
 .ARM.attributes
                0x00000000000004eb       0x34 ./Drivers/STM32F4xx_HAL_Driver/Src/stm32f4xx_hal_rtc.o
 .ARM.attributes
                0x000000000000051f       0x34 ./Drivers/STM32F4xx_HAL_Driver/Src/stm32f4xx_hal_spi.o
 .ARM.attributes
                0x0000000000000553       0x34 ./Drivers/STM32F4xx_HAL_Driver/Src/stm32f4xx_hal_uart.o
 .ARM.attributes
                0x0000000000000587       0x34 c:/st/stm32cubeide_1.9.0/stm32cubeide/plugins/com.st.stm32cube.ide.mcu.externaltools.gnu-tools-for-stm32.10.3-2021.10.win32_1.0.200.202301161003/tools/bin/../lib/gcc/arm-none-eabi/10.3.1/../../../../arm-none-eabi/lib/thumb/v7e-m+fp/hard\libc_nano.a(lib_a-errno.o)
 .ARM.attributes
                0x00000000000005bb       0x34 c:/st/stm32cubeide_1.9.0/stm32cubeide/plugins/com.st.stm32cube.ide.mcu.externaltools.gnu-tools-for-stm32.10.3-2021.10.win32_1.0.200.202301161003/tools/bin/../lib/gcc/arm-none-eabi/10.3.1/../../../../arm-none-eabi/lib/thumb/v7e-m+fp/hard\libc_nano.a(lib_a-impure.o)
 .ARM.attributes
                0x00000000000005ef       0x34 c:/st/stm32cubeide_1.9.0/stm32cubeide/plugins/com.st.stm32cube.ide.mcu.externaltools.gnu-tools-for-stm32.10.3-2021.10.win32_1.0.200.202301161003/tools/bin/../lib/gcc/arm-none-eabi/10.3.1/../../../../arm-none-eabi/lib/thumb/v7e-m+fp/hard\libc_nano.a(lib_a-init.o)
 .ARM.attributes
                0x0000000000000623       0x34 c:/st/stm32cubeide_1.9.0/stm32cubeide/plugins/com.st.stm32cube.ide.mcu.externaltools.gnu-tools-for-stm32.10.3-2021.10.win32_1.0.200.202301161003/tools/bin/../lib/gcc/arm-none-eabi/10.3.1/../../../../arm-none-eabi/lib/thumb/v7e-m+fp/hard\libc_nano.a(lib_a-malloc.o)
 .ARM.attributes
                0x0000000000000657       0x34 c:/st/stm32cubeide_1.9.0/stm32cubeide/plugins/com.st.stm32cube.ide.mcu.externaltools.gnu-tools-for-stm32.10.3-2021.10.win32_1.0.200.202301161003/tools/bin/../lib/gcc/arm-none-eabi/10.3.1/../../../../arm-none-eabi/lib/thumb/v7e-m+fp/hard\libc_nano.a(lib_a-memset.o)
 .ARM.attributes
                0x000000000000068b       0x34 c:/st/stm32cubeide_1.9.0/stm32cubeide/plugins/com.st.stm32cube.ide.mcu.externaltools.gnu-tools-for-stm32.10.3-2021.10.win32_1.0.200.202301161003/tools/bin/../lib/gcc/arm-none-eabi/10.3.1/../../../../arm-none-eabi/lib/thumb/v7e-m+fp/hard\libc_nano.a(lib_a-nano-freer.o)
 .ARM.attributes
                0x00000000000006bf       0x34 c:/st/stm32cubeide_1.9.0/stm32cubeide/plugins/com.st.stm32cube.ide.mcu.externaltools.gnu-tools-for-stm32.10.3-2021.10.win32_1.0.200.202301161003/tools/bin/../lib/gcc/arm-none-eabi/10.3.1/../../../../arm-none-eabi/lib/thumb/v7e-m+fp/hard\libc_nano.a(lib_a-nano-mallocr.o)
 .ARM.attributes
                0x00000000000006f3       0x34 c:/st/stm32cubeide_1.9.0/stm32cubeide/plugins/com.st.stm32cube.ide.mcu.externaltools.gnu-tools-for-stm32.10.3-2021.10.win32_1.0.200.202301161003/tools/bin/../lib/gcc/arm-none-eabi/10.3.1/../../../../arm-none-eabi/lib/thumb/v7e-m+fp/hard\libc_nano.a(lib_a-sbrkr.o)
 .ARM.attributes
                0x0000000000000727       0x34 c:/st/stm32cubeide_1.9.0/stm32cubeide/plugins/com.st.stm32cube.ide.mcu.externaltools.gnu-tools-for-stm32.10.3-2021.10.win32_1.0.200.202301161003/tools/bin/../lib/gcc/arm-none-eabi/10.3.1/../../../../arm-none-eabi/lib/thumb/v7e-m+fp/hard\libc_nano.a(lib_a-mlock.o)
 .ARM.attributes
                0x000000000000075b       0x34 c:/st/stm32cubeide_1.9.0/stm32cubeide/plugins/com.st.stm32cube.ide.mcu.externaltools.gnu-tools-for-stm32.10.3-2021.10.win32_1.0.200.202301161003/tools/bin/../lib/gcc/arm-none-eabi/10.3.1/../../../../arm-none-eabi/lib/thumb/v7e-m+fp/hard\libc_nano.a(lib_a-reent.o)
 .ARM.attributes
                0x000000000000078f       0x34 c:/st/stm32cubeide_1.9.0/stm32cubeide/plugins/com.st.stm32cube.ide.mcu.externaltools.gnu-tools-for-stm32.10.3-2021.10.win32_1.0.200.202301161003/tools/bin/../lib/gcc/arm-none-eabi/10.3.1/../../../../arm-none-eabi/lib/thumb/v7e-m+fp/hard\libc_nano.a(lib_a-lock.o)
 .ARM.attributes
                0x00000000000007c3       0x1e c:/st/stm32cubeide_1.9.0/stm32cubeide/plugins/com.st.stm32cube.ide.mcu.externaltools.gnu-tools-for-stm32.10.3-2021.10.win32_1.0.200.202301161003/tools/bin/../lib/gcc/arm-none-eabi/10.3.1/thumb/v7e-m+fp/hard\libgcc.a(_aeabi_uldivmod.o)
 .ARM.attributes
                0x00000000000007e1       0x34 c:/st/stm32cubeide_1.9.0/stm32cubeide/plugins/com.st.stm32cube.ide.mcu.externaltools.gnu-tools-for-stm32.10.3-2021.10.win32_1.0.200.202301161003/tools/bin/../lib/gcc/arm-none-eabi/10.3.1/thumb/v7e-m+fp/hard\libgcc.a(_udivmoddi4.o)
 .ARM.attributes
                0x0000000000000815       0x1e c:/st/stm32cubeide_1.9.0/stm32cubeide/plugins/com.st.stm32cube.ide.mcu.externaltools.gnu-tools-for-stm32.10.3-2021.10.win32_1.0.200.202301161003/tools/bin/../lib/gcc/arm-none-eabi/10.3.1/thumb/v7e-m+fp/hard\libgcc.a(_dvmd_tls.o)
 .ARM.attributes
                0x0000000000000833       0x1e c:/st/stm32cubeide_1.9.0/stm32cubeide/plugins/com.st.stm32cube.ide.mcu.externaltools.gnu-tools-for-stm32.10.3-2021.10.win32_1.0.200.202301161003/tools/bin/../lib/gcc/arm-none-eabi/10.3.1/thumb/v7e-m+fp/hard/crtn.o
OUTPUT(stm32f411_Printf.elf elf32-littlearm)
LOAD linker stubs
LOAD c:/st/stm32cubeide_1.9.0/stm32cubeide/plugins/com.st.stm32cube.ide.mcu.externaltools.gnu-tools-for-stm32.10.3-2021.10.win32_1.0.200.202301161003/tools/bin/../lib/gcc/arm-none-eabi/10.3.1/../../../../arm-none-eabi/lib/thumb/v7e-m+fp/hard\libc.a
LOAD c:/st/stm32cubeide_1.9.0/stm32cubeide/plugins/com.st.stm32cube.ide.mcu.externaltools.gnu-tools-for-stm32.10.3-2021.10.win32_1.0.200.202301161003/tools/bin/../lib/gcc/arm-none-eabi/10.3.1/../../../../arm-none-eabi/lib/thumb/v7e-m+fp/hard\libm.a
LOAD c:/st/stm32cubeide_1.9.0/stm32cubeide/plugins/com.st.stm32cube.ide.mcu.externaltools.gnu-tools-for-stm32.10.3-2021.10.win32_1.0.200.202301161003/tools/bin/../lib/gcc/arm-none-eabi/10.3.1/thumb/v7e-m+fp/hard\libgcc.a

.debug_info     0x0000000000000000    0x10831
 .debug_info    0x0000000000000000      0x770 ./Core/Src/DEV_Config.o
 .debug_info    0x0000000000000770      0x6f2 ./Core/Src/EPD_4in2.o
 .debug_info    0x0000000000000e62      0x30f ./Core/Src/EpaperDisplay.o
 .debug_info    0x0000000000001171      0xd0f ./Core/Src/GUI_Paint.o
 .debug_info    0x0000000000001e80      0x12e ./Core/Src/font20.o
 .debug_info    0x0000000000001fae      0x12e ./Core/Src/font24.o
 .debug_info    0x00000000000020dc      0x49d ./Core/Src/gpio.o
 .debug_info    0x0000000000002579      0xa40 ./Core/Src/i2c.o
 .debug_info    0x0000000000002fb9      0xa8c ./Core/Src/main.o
 .debug_info    0x0000000000003a45      0x5b3 ./Core/Src/rtc.o
 .debug_info    0x0000000000003ff8      0xa0f ./Core/Src/spi.o
 .debug_info    0x0000000000004a07      0x2d4 ./Core/Src/stm32f4xx_hal_msp.o
 .debug_info    0x0000000000004cdb      0x121 ./Core/Src/stm32f4xx_it.o
 .debug_info    0x0000000000004dfc      0x171 ./Core/Src/sysmem.o
 .debug_info    0x0000000000004f6d      0x54f ./Core/Src/system_stm32f4xx.o
 .debug_info    0x00000000000054bc      0x9c4 ./Core/Src/usart.o
 .debug_info    0x0000000000005e80       0x22 ./Core/Startup/startup_stm32f411ceux.o
 .debug_info    0x0000000000005ea2      0x90d ./Drivers/STM32F4xx_HAL_Driver/Src/stm32f4xx_hal.o
 .debug_info    0x00000000000067af      0xd8b ./Drivers/STM32F4xx_HAL_Driver/Src/stm32f4xx_hal_cortex.o
 .debug_info    0x000000000000753a      0x78e ./Drivers/STM32F4xx_HAL_Driver/Src/stm32f4xx_hal_gpio.o
 .debug_info    0x0000000000007cc8     0x260f ./Drivers/STM32F4xx_HAL_Driver/Src/stm32f4xx_hal_i2c.o
 .debug_info    0x000000000000a2d7      0x98d ./Drivers/STM32F4xx_HAL_Driver/Src/stm32f4xx_hal_rcc.o
 .debug_info    0x000000000000ac64      0x5d9 ./Drivers/STM32F4xx_HAL_Driver/Src/stm32f4xx_hal_rcc_ex.o
 .debug_info    0x000000000000b23d      0xcf0 ./Drivers/STM32F4xx_HAL_Driver/Src/stm32f4xx_hal_rtc.o
 .debug_info    0x000000000000bf2d     0x1750 ./Drivers/STM32F4xx_HAL_Driver/Src/stm32f4xx_hal_spi.o
 .debug_info    0x000000000000d67d     0x31b4 ./Drivers/STM32F4xx_HAL_Driver/Src/stm32f4xx_hal_uart.o

.debug_abbrev   0x0000000000000000     0x2b43
 .debug_abbrev  0x0000000000000000      0x1b3 ./Core/Src/DEV_Config.o
 .debug_abbrev  0x00000000000001b3      0x1eb ./Core/Src/EPD_4in2.o
 .debug_abbrev  0x000000000000039e      0x12a ./Core/Src/EpaperDisplay.o
 .debug_abbrev  0x00000000000004c8      0x1c6 ./Core/Src/GUI_Paint.o
 .debug_abbrev  0x000000000000068e       0xb1 ./Core/Src/font20.o
 .debug_abbrev  0x000000000000073f       0xb1 ./Core/Src/font24.o
 .debug_abbrev  0x00000000000007f0      0x146 ./Core/Src/gpio.o
 .debug_abbrev  0x0000000000000936      0x1e0 ./Core/Src/i2c.o
 .debug_abbrev  0x0000000000000b16      0x225 ./Core/Src/main.o
 .debug_abbrev  0x0000000000000d3b      0x18f ./Core/Src/rtc.o
 .debug_abbrev  0x0000000000000eca      0x1e0 ./Core/Src/spi.o
 .debug_abbrev  0x00000000000010aa       0xd4 ./Core/Src/stm32f4xx_hal_msp.o
 .debug_abbrev  0x000000000000117e       0x74 ./Core/Src/stm32f4xx_it.o
 .debug_abbrev  0x00000000000011f2       0xbb ./Core/Src/sysmem.o
 .debug_abbrev  0x00000000000012ad      0x116 ./Core/Src/system_stm32f4xx.o
 .debug_abbrev  0x00000000000013c3      0x1e7 ./Core/Src/usart.o
 .debug_abbrev  0x00000000000015aa       0x12 ./Core/Startup/startup_stm32f411ceux.o
 .debug_abbrev  0x00000000000015bc      0x23e ./Drivers/STM32F4xx_HAL_Driver/Src/stm32f4xx_hal.o
 .debug_abbrev  0x00000000000017fa      0x316 ./Drivers/STM32F4xx_HAL_Driver/Src/stm32f4xx_hal_cortex.o
 .debug_abbrev  0x0000000000001b10      0x1c4 ./Drivers/STM32F4xx_HAL_Driver/Src/stm32f4xx_hal_gpio.o
 .debug_abbrev  0x0000000000001cd4      0x2a8 ./Drivers/STM32F4xx_HAL_Driver/Src/stm32f4xx_hal_i2c.o
 .debug_abbrev  0x0000000000001f7c      0x2aa ./Drivers/STM32F4xx_HAL_Driver/Src/stm32f4xx_hal_rcc.o
 .debug_abbrev  0x0000000000002226      0x1a8 ./Drivers/STM32F4xx_HAL_Driver/Src/stm32f4xx_hal_rcc_ex.o
 .debug_abbrev  0x00000000000023ce      0x202 ./Drivers/STM32F4xx_HAL_Driver/Src/stm32f4xx_hal_rtc.o
 .debug_abbrev  0x00000000000025d0      0x26e ./Drivers/STM32F4xx_HAL_Driver/Src/stm32f4xx_hal_spi.o
 .debug_abbrev  0x000000000000283e      0x305 ./Drivers/STM32F4xx_HAL_Driver/Src/stm32f4xx_hal_uart.o

.debug_aranges  0x0000000000000000      0xe50
 .debug_aranges
                0x0000000000000000       0x30 ./Core/Src/DEV_Config.o
 .debug_aranges
                0x0000000000000030       0x90 ./Core/Src/EPD_4in2.o
 .debug_aranges
                0x00000000000000c0       0x20 ./Core/Src/EpaperDisplay.o
 .debug_aranges
                0x00000000000000e0       0xa8 ./Core/Src/GUI_Paint.o
 .debug_aranges
                0x0000000000000188       0x18 ./Core/Src/font20.o
 .debug_aranges
                0x00000000000001a0       0x18 ./Core/Src/font24.o
 .debug_aranges
                0x00000000000001b8       0x20 ./Core/Src/gpio.o
 .debug_aranges
                0x00000000000001d8       0x30 ./Core/Src/i2c.o
 .debug_aranges
                0x0000000000000208       0x38 ./Core/Src/main.o
 .debug_aranges
                0x0000000000000240       0x30 ./Core/Src/rtc.o
 .debug_aranges
                0x0000000000000270       0x30 ./Core/Src/spi.o
 .debug_aranges
                0x00000000000002a0       0x20 ./Core/Src/stm32f4xx_hal_msp.o
 .debug_aranges
                0x00000000000002c0       0x60 ./Core/Src/stm32f4xx_it.o
 .debug_aranges
                0x0000000000000320       0x20 ./Core/Src/sysmem.o
 .debug_aranges
                0x0000000000000340       0x28 ./Core/Src/system_stm32f4xx.o
 .debug_aranges
                0x0000000000000368       0x30 ./Core/Src/usart.o
 .debug_aranges
                0x0000000000000398       0x28 ./Core/Startup/startup_stm32f411ceux.o
 .debug_aranges
                0x00000000000003c0       0xf0 ./Drivers/STM32F4xx_HAL_Driver/Src/stm32f4xx_hal.o
 .debug_aranges
                0x00000000000004b0      0x118 ./Drivers/STM32F4xx_HAL_Driver/Src/stm32f4xx_hal_cortex.o
 .debug_aranges
                0x00000000000005c8       0x58 ./Drivers/STM32F4xx_HAL_Driver/Src/stm32f4xx_hal_gpio.o
 .debug_aranges
                0x0000000000000620      0x2a0 ./Drivers/STM32F4xx_HAL_Driver/Src/stm32f4xx_hal_i2c.o
 .debug_aranges
                0x00000000000008c0       0x88 ./Drivers/STM32F4xx_HAL_Driver/Src/stm32f4xx_hal_rcc.o
 .debug_aranges
                0x0000000000000948       0x50 ./Drivers/STM32F4xx_HAL_Driver/Src/stm32f4xx_hal_rcc_ex.o
 .debug_aranges
                0x0000000000000998       0xe8 ./Drivers/STM32F4xx_HAL_Driver/Src/stm32f4xx_hal_rtc.o
 .debug_aranges
                0x0000000000000a80      0x1d0 ./Drivers/STM32F4xx_HAL_Driver/Src/stm32f4xx_hal_spi.o
 .debug_aranges
                0x0000000000000c50      0x200 ./Drivers/STM32F4xx_HAL_Driver/Src/stm32f4xx_hal_uart.o

.debug_ranges   0x0000000000000000      0xcf0
 .debug_ranges  0x0000000000000000       0x20 ./Core/Src/DEV_Config.o
 .debug_ranges  0x0000000000000020       0x80 ./Core/Src/EPD_4in2.o
 .debug_ranges  0x00000000000000a0       0x10 ./Core/Src/EpaperDisplay.o
 .debug_ranges  0x00000000000000b0       0x98 ./Core/Src/GUI_Paint.o
 .debug_ranges  0x0000000000000148       0x10 ./Core/Src/gpio.o
 .debug_ranges  0x0000000000000158       0x20 ./Core/Src/i2c.o
 .debug_ranges  0x0000000000000178       0x28 ./Core/Src/main.o
 .debug_ranges  0x00000000000001a0       0x20 ./Core/Src/rtc.o
 .debug_ranges  0x00000000000001c0       0x20 ./Core/Src/spi.o
 .debug_ranges  0x00000000000001e0       0x10 ./Core/Src/stm32f4xx_hal_msp.o
 .debug_ranges  0x00000000000001f0       0x50 ./Core/Src/stm32f4xx_it.o
 .debug_ranges  0x0000000000000240       0x10 ./Core/Src/sysmem.o
 .debug_ranges  0x0000000000000250       0x18 ./Core/Src/system_stm32f4xx.o
 .debug_ranges  0x0000000000000268       0x20 ./Core/Src/usart.o
 .debug_ranges  0x0000000000000288       0x20 ./Core/Startup/startup_stm32f411ceux.o
 .debug_ranges  0x00000000000002a8       0xe0 ./Drivers/STM32F4xx_HAL_Driver/Src/stm32f4xx_hal.o
 .debug_ranges  0x0000000000000388      0x108 ./Drivers/STM32F4xx_HAL_Driver/Src/stm32f4xx_hal_cortex.o
 .debug_ranges  0x0000000000000490       0x48 ./Drivers/STM32F4xx_HAL_Driver/Src/stm32f4xx_hal_gpio.o
 .debug_ranges  0x00000000000004d8      0x2a8 ./Drivers/STM32F4xx_HAL_Driver/Src/stm32f4xx_hal_i2c.o
 .debug_ranges  0x0000000000000780       0x78 ./Drivers/STM32F4xx_HAL_Driver/Src/stm32f4xx_hal_rcc.o
 .debug_ranges  0x00000000000007f8       0x40 ./Drivers/STM32F4xx_HAL_Driver/Src/stm32f4xx_hal_rcc_ex.o
 .debug_ranges  0x0000000000000838       0xd8 ./Drivers/STM32F4xx_HAL_Driver/Src/stm32f4xx_hal_rtc.o
 .debug_ranges  0x0000000000000910      0x1c0 ./Drivers/STM32F4xx_HAL_Driver/Src/stm32f4xx_hal_spi.o
 .debug_ranges  0x0000000000000ad0      0x220 ./Drivers/STM32F4xx_HAL_Driver/Src/stm32f4xx_hal_uart.o

.debug_macro    0x0000000000000000    0x17bcb
 .debug_macro   0x0000000000000000      0x214 ./Core/Src/DEV_Config.o
 .debug_macro   0x0000000000000214      0xa78 ./Core/Src/DEV_Config.o
 .debug_macro   0x0000000000000c8c      0x2a7 ./Core/Src/DEV_Config.o
 .debug_macro   0x0000000000000f33       0x2e ./Core/Src/DEV_Config.o
 .debug_macro   0x0000000000000f61       0x28 ./Core/Src/DEV_Config.o
 .debug_macro   0x0000000000000f89       0x22 ./Core/Src/DEV_Config.o
 .debug_macro   0x0000000000000fab       0x8e ./Core/Src/DEV_Config.o
 .debug_macro   0x0000000000001039       0x51 ./Core/Src/DEV_Config.o
 .debug_macro   0x000000000000108a      0x103 ./Core/Src/DEV_Config.o
 .debug_macro   0x000000000000118d       0x6a ./Core/Src/DEV_Config.o
 .debug_macro   0x00000000000011f7      0x1df ./Core/Src/DEV_Config.o
 .debug_macro   0x00000000000013d6       0x1c ./Core/Src/DEV_Config.o
 .debug_macro   0x00000000000013f2       0x22 ./Core/Src/DEV_Config.o
 .debug_macro   0x0000000000001414       0xd9 ./Core/Src/DEV_Config.o
 .debug_macro   0x00000000000014ed     0x102d ./Core/Src/DEV_Config.o
 .debug_macro   0x000000000000251a      0x11f ./Core/Src/DEV_Config.o
 .debug_macro   0x0000000000002639     0xb953 ./Core/Src/DEV_Config.o
 .debug_macro   0x000000000000df8c       0x6d ./Core/Src/DEV_Config.o
 .debug_macro   0x000000000000dff9     0x367e ./Core/Src/DEV_Config.o
 .debug_macro   0x0000000000011677      0x174 ./Core/Src/DEV_Config.o
 .debug_macro   0x00000000000117eb       0x5c ./Core/Src/DEV_Config.o
 .debug_macro   0x0000000000011847      0x447 ./Core/Src/DEV_Config.o
 .debug_macro   0x0000000000011c8e      0x9fe ./Core/Src/DEV_Config.o
 .debug_macro   0x000000000001268c      0x115 ./Core/Src/DEV_Config.o
 .debug_macro   0x00000000000127a1      0x11b ./Core/Src/DEV_Config.o
 .debug_macro   0x00000000000128bc       0xa5 ./Core/Src/DEV_Config.o
 .debug_macro   0x0000000000012961      0x15f ./Core/Src/DEV_Config.o
 .debug_macro   0x0000000000012ac0      0x287 ./Core/Src/DEV_Config.o
 .debug_macro   0x0000000000012d47       0x5f ./Core/Src/DEV_Config.o
 .debug_macro   0x0000000000012da6      0x236 ./Core/Src/DEV_Config.o
 .debug_macro   0x0000000000012fdc      0x132 ./Core/Src/DEV_Config.o
 .debug_macro   0x000000000001310e      0x264 ./Core/Src/DEV_Config.o
 .debug_macro   0x0000000000013372       0x2e ./Core/Src/DEV_Config.o
 .debug_macro   0x00000000000133a0      0x1b5 ./Core/Src/DEV_Config.o
 .debug_macro   0x0000000000013555       0x22 ./Core/Src/DEV_Config.o
 .debug_macro   0x0000000000013577       0xd6 ./Core/Src/DEV_Config.o
 .debug_macro   0x000000000001364d      0x11a ./Core/Src/DEV_Config.o
 .debug_macro   0x0000000000013767       0x85 ./Core/Src/DEV_Config.o
 .debug_macro   0x00000000000137ec       0x89 ./Core/Src/DEV_Config.o
 .debug_macro   0x0000000000013875      0x2fe ./Core/Src/DEV_Config.o
 .debug_macro   0x0000000000013b73      0x430 ./Core/Src/DEV_Config.o
 .debug_macro   0x0000000000013fa3       0xe4 ./Core/Src/DEV_Config.o
 .debug_macro   0x0000000000014087      0x225 ./Core/Src/DEV_Config.o
 .debug_macro   0x00000000000142ac      0x295 ./Core/Src/DEV_Config.o
 .debug_macro   0x0000000000014541      0x126 ./Core/Src/DEV_Config.o
 .debug_macro   0x0000000000014667       0x40 ./Core/Src/DEV_Config.o
 .debug_macro   0x00000000000146a7       0x2e ./Core/Src/DEV_Config.o
 .debug_macro   0x00000000000146d5      0x22c ./Core/Src/EPD_4in2.o
 .debug_macro   0x0000000000014901       0x10 ./Core/Src/EPD_4in2.o
 .debug_macro   0x0000000000014911       0x10 ./Core/Src/EPD_4in2.o
 .debug_macro   0x0000000000014921      0x348 ./Core/Src/EpaperDisplay.o
 .debug_macro   0x0000000000014c69      0x34f ./Core/Src/GUI_Paint.o
 .debug_macro   0x0000000000014fb8      0x19b ./Core/Src/GUI_Paint.o
 .debug_macro   0x0000000000015153       0x6c ./Core/Src/font20.o
 .debug_macro   0x00000000000151bf       0x6c ./Core/Src/font24.o
 .debug_macro   0x000000000001522b      0x20f ./Core/Src/gpio.o
 .debug_macro   0x000000000001543a      0x20f ./Core/Src/i2c.o
 .debug_macro   0x0000000000015649      0x34f ./Core/Src/main.o
 .debug_macro   0x0000000000015998       0x34 ./Core/Src/main.o
 .debug_macro   0x00000000000159cc      0x20f ./Core/Src/rtc.o
 .debug_macro   0x0000000000015bdb      0x20f ./Core/Src/spi.o
 .debug_macro   0x0000000000015dea      0x205 ./Core/Src/stm32f4xx_hal_msp.o
 .debug_macro   0x0000000000015fef      0x20f ./Core/Src/stm32f4xx_it.o
 .debug_macro   0x00000000000161fe       0xff ./Core/Src/sysmem.o
 .debug_macro   0x00000000000162fd      0x23b ./Core/Src/sysmem.o
 .debug_macro   0x0000000000016538      0x1fc ./Core/Src/system_stm32f4xx.o
 .debug_macro   0x0000000000016734      0x20f ./Core/Src/usart.o
 .debug_macro   0x0000000000016943      0x256 ./Drivers/STM32F4xx_HAL_Driver/Src/stm32f4xx_hal.o
 .debug_macro   0x0000000000016b99      0x1f6 ./Drivers/STM32F4xx_HAL_Driver/Src/stm32f4xx_hal_cortex.o
 .debug_macro   0x0000000000016d8f      0x1fc ./Drivers/STM32F4xx_HAL_Driver/Src/stm32f4xx_hal_gpio.o
 .debug_macro   0x0000000000016f8b      0x23d ./Drivers/STM32F4xx_HAL_Driver/Src/stm32f4xx_hal_i2c.o
 .debug_macro   0x00000000000171c8      0x21a ./Drivers/STM32F4xx_HAL_Driver/Src/stm32f4xx_hal_rcc.o
 .debug_macro   0x00000000000173e2      0x1f6 ./Drivers/STM32F4xx_HAL_Driver/Src/stm32f4xx_hal_rcc_ex.o
 .debug_macro   0x00000000000175d8      0x1f7 ./Drivers/STM32F4xx_HAL_Driver/Src/stm32f4xx_hal_rtc.o
 .debug_macro   0x00000000000177cf      0x205 ./Drivers/STM32F4xx_HAL_Driver/Src/stm32f4xx_hal_spi.o
 .debug_macro   0x00000000000179d4      0x1f7 ./Drivers/STM32F4xx_HAL_Driver/Src/stm32f4xx_hal_uart.o

.debug_line     0x0000000000000000    0x14eb8
 .debug_line    0x0000000000000000      0x744 ./Core/Src/DEV_Config.o
 .debug_line    0x0000000000000744      0xdf9 ./Core/Src/EPD_4in2.o
 .debug_line    0x000000000000153d      0x920 ./Core/Src/EpaperDisplay.o
 .debug_line    0x0000000000001e5d     0x1430 ./Core/Src/GUI_Paint.o
 .debug_line    0x000000000000328d      0x384 ./Core/Src/font20.o
 .debug_line    0x0000000000003611      0x384 ./Core/Src/font24.o
 .debug_line    0x0000000000003995      0x72f ./Core/Src/gpio.o
 .debug_line    0x00000000000040c4      0x771 ./Core/Src/i2c.o
 .debug_line    0x0000000000004835      0x968 ./Core/Src/main.o
 .debug_line    0x000000000000519d      0x769 ./Core/Src/rtc.o
 .debug_line    0x0000000000005906      0x779 ./Core/Src/spi.o
 .debug_line    0x000000000000607f      0x708 ./Core/Src/stm32f4xx_hal_msp.o
 .debug_line    0x0000000000006787      0x7c4 ./Core/Src/stm32f4xx_it.o
 .debug_line    0x0000000000006f4b      0x4ef ./Core/Src/sysmem.o
 .debug_line    0x000000000000743a      0x7aa ./Core/Src/system_stm32f4xx.o
 .debug_line    0x0000000000007be4      0x771 ./Core/Src/usart.o
 .debug_line    0x0000000000008355       0x88 ./Core/Startup/startup_stm32f411ceux.o
 .debug_line    0x00000000000083dd      0x9ef ./Drivers/STM32F4xx_HAL_Driver/Src/stm32f4xx_hal.o
 .debug_line    0x0000000000008dcc      0xc9e ./Drivers/STM32F4xx_HAL_Driver/Src/stm32f4xx_hal_cortex.o
 .debug_line    0x0000000000009a6a      0xb27 ./Drivers/STM32F4xx_HAL_Driver/Src/stm32f4xx_hal_gpio.o
 .debug_line    0x000000000000a591     0x39a4 ./Drivers/STM32F4xx_HAL_Driver/Src/stm32f4xx_hal_i2c.o
 .debug_line    0x000000000000df35      0xd69 ./Drivers/STM32F4xx_HAL_Driver/Src/stm32f4xx_hal_rcc.o
 .debug_line    0x000000000000ec9e      0xa49 ./Drivers/STM32F4xx_HAL_Driver/Src/stm32f4xx_hal_rcc_ex.o
 .debug_line    0x000000000000f6e7     0x10c4 ./Drivers/STM32F4xx_HAL_Driver/Src/stm32f4xx_hal_rtc.o
 .debug_line    0x00000000000107ab     0x1c79 ./Drivers/STM32F4xx_HAL_Driver/Src/stm32f4xx_hal_spi.o
 .debug_line    0x0000000000012424     0x2a94 ./Drivers/STM32F4xx_HAL_Driver/Src/stm32f4xx_hal_uart.o

.debug_str      0x0000000000000000    0x90126
 .debug_str     0x0000000000000000    0x883ea ./Core/Src/DEV_Config.o
                                      0x886d2 (size before relaxing)
 .debug_str     0x00000000000883ea      0x308 ./Core/Src/EPD_4in2.o
                                      0x88535 (size before relaxing)
 .debug_str     0x00000000000886f2     0x31c4 ./Core/Src/EpaperDisplay.o
                                      0x8b43b (size before relaxing)
 .debug_str     0x000000000008b8b6      0xb65 ./Core/Src/GUI_Paint.o
                                      0x8befb (size before relaxing)
 .debug_str     0x000000000008c41b       0x22 ./Core/Src/font20.o
                                       0x3caf (size before relaxing)
 .debug_str     0x000000000008c43d       0x22 ./Core/Src/font24.o
                                       0x3caf (size before relaxing)
 .debug_str     0x000000000008c45f      0x173 ./Core/Src/gpio.o
                                      0x8822c (size before relaxing)
 .debug_str     0x000000000008c5d2      0x2de ./Core/Src/i2c.o
                                      0x88760 (size before relaxing)
 .debug_str     0x000000000008c8b0      0x38e ./Core/Src/main.o
                                      0x8b996 (size before relaxing)
 .debug_str     0x000000000008cc3e      0x2be ./Core/Src/rtc.o
                                      0x883ae (size before relaxing)
 .debug_str     0x000000000008cefc       0x4b ./Core/Src/spi.o
                                      0x886b8 (size before relaxing)
 .debug_str     0x000000000008cf47       0x2c ./Core/Src/stm32f4xx_hal_msp.o
                                      0x88161 (size before relaxing)
 .debug_str     0x000000000008cf73       0xc9 ./Core/Src/stm32f4xx_it.o
                                      0x880d5 (size before relaxing)
 .debug_str     0x000000000008d03c      0x4da ./Core/Src/sysmem.o
                                       0x5dd5 (size before relaxing)
 .debug_str     0x000000000008d516       0xf0 ./Core/Src/system_stm32f4xx.o
                                      0x8815c (size before relaxing)
 .debug_str     0x000000000008d606       0x51 ./Core/Src/usart.o
                                      0x886c1 (size before relaxing)
 .debug_str     0x000000000008d657       0x36 ./Core/Startup/startup_stm32f411ceux.o
                                         0x7f (size before relaxing)
 .debug_str     0x000000000008d68d      0x9ae ./Drivers/STM32F4xx_HAL_Driver/Src/stm32f4xx_hal.o
                                      0x88b73 (size before relaxing)
 .debug_str     0x000000000008e03b      0x345 ./Drivers/STM32F4xx_HAL_Driver/Src/stm32f4xx_hal_cortex.o
                                      0x88894 (size before relaxing)
 .debug_str     0x000000000008e380      0x110 ./Drivers/STM32F4xx_HAL_Driver/Src/stm32f4xx_hal_gpio.o
                                      0x882c2 (size before relaxing)
 .debug_str     0x000000000008e490      0xb14 ./Drivers/STM32F4xx_HAL_Driver/Src/stm32f4xx_hal_i2c.o
                                      0x89105 (size before relaxing)
 .debug_str     0x000000000008efa4      0x213 ./Drivers/STM32F4xx_HAL_Driver/Src/stm32f4xx_hal_rcc.o
                                      0x8857b (size before relaxing)
 .debug_str     0x000000000008f1b7      0x111 ./Drivers/STM32F4xx_HAL_Driver/Src/stm32f4xx_hal_rcc_ex.o
                                      0x882cf (size before relaxing)
 .debug_str     0x000000000008f2c8      0x32e ./Drivers/STM32F4xx_HAL_Driver/Src/stm32f4xx_hal_rtc.o
                                      0x8859f (size before relaxing)
 .debug_str     0x000000000008f5f6      0x554 ./Drivers/STM32F4xx_HAL_Driver/Src/stm32f4xx_hal_spi.o
                                      0x889f9 (size before relaxing)
 .debug_str     0x000000000008fb4a      0x5dc ./Drivers/STM32F4xx_HAL_Driver/Src/stm32f4xx_hal_uart.o
                                      0x88b08 (size before relaxing)

.comment        0x0000000000000000       0x50
 .comment       0x0000000000000000       0x50 ./Core/Src/DEV_Config.o
                                         0x51 (size before relaxing)
 .comment       0x0000000000000050       0x51 ./Core/Src/EPD_4in2.o
 .comment       0x0000000000000050       0x51 ./Core/Src/EpaperDisplay.o
 .comment       0x0000000000000050       0x51 ./Core/Src/GUI_Paint.o
 .comment       0x0000000000000050       0x51 ./Core/Src/font20.o
 .comment       0x0000000000000050       0x51 ./Core/Src/font24.o
 .comment       0x0000000000000050       0x51 ./Core/Src/gpio.o
 .comment       0x0000000000000050       0x51 ./Core/Src/i2c.o
 .comment       0x0000000000000050       0x51 ./Core/Src/main.o
 .comment       0x0000000000000050       0x51 ./Core/Src/rtc.o
 .comment       0x0000000000000050       0x51 ./Core/Src/spi.o
 .comment       0x0000000000000050       0x51 ./Core/Src/stm32f4xx_hal_msp.o
 .comment       0x0000000000000050       0x51 ./Core/Src/stm32f4xx_it.o
 .comment       0x0000000000000050       0x51 ./Core/Src/sysmem.o
 .comment       0x0000000000000050       0x51 ./Core/Src/system_stm32f4xx.o
 .comment       0x0000000000000050       0x51 ./Core/Src/usart.o
 .comment       0x0000000000000050       0x51 ./Drivers/STM32F4xx_HAL_Driver/Src/stm32f4xx_hal.o
 .comment       0x0000000000000050       0x51 ./Drivers/STM32F4xx_HAL_Driver/Src/stm32f4xx_hal_cortex.o
 .comment       0x0000000000000050       0x51 ./Drivers/STM32F4xx_HAL_Driver/Src/stm32f4xx_hal_gpio.o
 .comment       0x0000000000000050       0x51 ./Drivers/STM32F4xx_HAL_Driver/Src/stm32f4xx_hal_i2c.o
 .comment       0x0000000000000050       0x51 ./Drivers/STM32F4xx_HAL_Driver/Src/stm32f4xx_hal_rcc.o
 .comment       0x0000000000000050       0x51 ./Drivers/STM32F4xx_HAL_Driver/Src/stm32f4xx_hal_rcc_ex.o
 .comment       0x0000000000000050       0x51 ./Drivers/STM32F4xx_HAL_Driver/Src/stm32f4xx_hal_rtc.o
 .comment       0x0000000000000050       0x51 ./Drivers/STM32F4xx_HAL_Driver/Src/stm32f4xx_hal_spi.o
 .comment       0x0000000000000050       0x51 ./Drivers/STM32F4xx_HAL_Driver/Src/stm32f4xx_hal_uart.o

.debug_frame    0x0000000000000000     0x3adc
 .debug_frame   0x0000000000000000       0x6c ./Core/Src/DEV_Config.o
 .debug_frame   0x000000000000006c      0x200 ./Core/Src/EPD_4in2.o
 .debug_frame   0x000000000000026c       0x38 ./Core/Src/EpaperDisplay.o
 .debug_frame   0x00000000000002a4      0x2e0 ./Core/Src/GUI_Paint.o
 .debug_frame   0x0000000000000584       0x34 ./Core/Src/gpio.o
 .debug_frame   0x00000000000005b8       0x74 ./Core/Src/i2c.o
 .debug_frame   0x000000000000062c       0x94 ./Core/Src/main.o
 .debug_frame   0x00000000000006c0       0x78 ./Core/Src/rtc.o
 .debug_frame   0x0000000000000738       0x74 ./Core/Src/spi.o
 .debug_frame   0x00000000000007ac       0x38 ./Core/Src/stm32f4xx_hal_msp.o
 .debug_frame   0x00000000000007e4      0x10c ./Core/Src/stm32f4xx_it.o
 .debug_frame   0x00000000000008f0       0x34 ./Core/Src/sysmem.o
 .debug_frame   0x0000000000000924       0x58 ./Core/Src/system_stm32f4xx.o
 .debug_frame   0x000000000000097c       0x74 ./Core/Src/usart.o
 .debug_frame   0x00000000000009f0      0x374 ./Drivers/STM32F4xx_HAL_Driver/Src/stm32f4xx_hal.o
 .debug_frame   0x0000000000000d64      0x498 ./Drivers/STM32F4xx_HAL_Driver/Src/stm32f4xx_hal_cortex.o
 .debug_frame   0x00000000000011fc      0x14c ./Drivers/STM32F4xx_HAL_Driver/Src/stm32f4xx_hal_gpio.o
 .debug_frame   0x0000000000001348      0xc5c ./Drivers/STM32F4xx_HAL_Driver/Src/stm32f4xx_hal_i2c.o
 .debug_frame   0x0000000000001fa4      0x1f4 ./Drivers/STM32F4xx_HAL_Driver/Src/stm32f4xx_hal_rcc.o
 .debug_frame   0x0000000000002198      0x118 ./Drivers/STM32F4xx_HAL_Driver/Src/stm32f4xx_hal_rcc_ex.o
 .debug_frame   0x00000000000022b0      0x3f4 ./Drivers/STM32F4xx_HAL_Driver/Src/stm32f4xx_hal_rtc.o
 .debug_frame   0x00000000000026a4      0x824 ./Drivers/STM32F4xx_HAL_Driver/Src/stm32f4xx_hal_spi.o
 .debug_frame   0x0000000000002ec8      0x92c ./Drivers/STM32F4xx_HAL_Driver/Src/stm32f4xx_hal_uart.o
 .debug_frame   0x00000000000037f4       0x20 c:/st/stm32cubeide_1.9.0/stm32cubeide/plugins/com.st.stm32cube.ide.mcu.externaltools.gnu-tools-for-stm32.10.3-2021.10.win32_1.0.200.202301161003/tools/bin/../lib/gcc/arm-none-eabi/10.3.1/../../../../arm-none-eabi/lib/thumb/v7e-m+fp/hard\libc_nano.a(lib_a-errno.o)
 .debug_frame   0x0000000000003814       0x2c c:/st/stm32cubeide_1.9.0/stm32cubeide/plugins/com.st.stm32cube.ide.mcu.externaltools.gnu-tools-for-stm32.10.3-2021.10.win32_1.0.200.202301161003/tools/bin/../lib/gcc/arm-none-eabi/10.3.1/../../../../arm-none-eabi/lib/thumb/v7e-m+fp/hard\libc_nano.a(lib_a-init.o)
 .debug_frame   0x0000000000003840       0x30 c:/st/stm32cubeide_1.9.0/stm32cubeide/plugins/com.st.stm32cube.ide.mcu.externaltools.gnu-tools-for-stm32.10.3-2021.10.win32_1.0.200.202301161003/tools/bin/../lib/gcc/arm-none-eabi/10.3.1/../../../../arm-none-eabi/lib/thumb/v7e-m+fp/hard\libc_nano.a(lib_a-malloc.o)
 .debug_frame   0x0000000000003870       0x20 c:/st/stm32cubeide_1.9.0/stm32cubeide/plugins/com.st.stm32cube.ide.mcu.externaltools.gnu-tools-for-stm32.10.3-2021.10.win32_1.0.200.202301161003/tools/bin/../lib/gcc/arm-none-eabi/10.3.1/../../../../arm-none-eabi/lib/thumb/v7e-m+fp/hard\libc_nano.a(lib_a-memset.o)
 .debug_frame   0x0000000000003890       0x38 c:/st/stm32cubeide_1.9.0/stm32cubeide/plugins/com.st.stm32cube.ide.mcu.externaltools.gnu-tools-for-stm32.10.3-2021.10.win32_1.0.200.202301161003/tools/bin/../lib/gcc/arm-none-eabi/10.3.1/../../../../arm-none-eabi/lib/thumb/v7e-m+fp/hard\libc_nano.a(lib_a-nano-freer.o)
 .debug_frame   0x00000000000038c8       0x4c c:/st/stm32cubeide_1.9.0/stm32cubeide/plugins/com.st.stm32cube.ide.mcu.externaltools.gnu-tools-for-stm32.10.3-2021.10.win32_1.0.200.202301161003/tools/bin/../lib/gcc/arm-none-eabi/10.3.1/../../../../arm-none-eabi/lib/thumb/v7e-m+fp/hard\libc_nano.a(lib_a-nano-mallocr.o)
 .debug_frame   0x0000000000003914       0x2c c:/st/stm32cubeide_1.9.0/stm32cubeide/plugins/com.st.stm32cube.ide.mcu.externaltools.gnu-tools-for-stm32.10.3-2021.10.win32_1.0.200.202301161003/tools/bin/../lib/gcc/arm-none-eabi/10.3.1/../../../../arm-none-eabi/lib/thumb/v7e-m+fp/hard\libc_nano.a(lib_a-sbrkr.o)
 .debug_frame   0x0000000000003940       0x30 c:/st/stm32cubeide_1.9.0/stm32cubeide/plugins/com.st.stm32cube.ide.mcu.externaltools.gnu-tools-for-stm32.10.3-2021.10.win32_1.0.200.202301161003/tools/bin/../lib/gcc/arm-none-eabi/10.3.1/../../../../arm-none-eabi/lib/thumb/v7e-m+fp/hard\libc_nano.a(lib_a-mlock.o)
 .debug_frame   0x0000000000003970       0x5c c:/st/stm32cubeide_1.9.0/stm32cubeide/plugins/com.st.stm32cube.ide.mcu.externaltools.gnu-tools-for-stm32.10.3-2021.10.win32_1.0.200.202301161003/tools/bin/../lib/gcc/arm-none-eabi/10.3.1/../../../../arm-none-eabi/lib/thumb/v7e-m+fp/hard\libc_nano.a(lib_a-reent.o)
 .debug_frame   0x00000000000039cc       0xb0 c:/st/stm32cubeide_1.9.0/stm32cubeide/plugins/com.st.stm32cube.ide.mcu.externaltools.gnu-tools-for-stm32.10.3-2021.10.win32_1.0.200.202301161003/tools/bin/../lib/gcc/arm-none-eabi/10.3.1/../../../../arm-none-eabi/lib/thumb/v7e-m+fp/hard\libc_nano.a(lib_a-lock.o)
 .debug_frame   0x0000000000003a7c       0x2c c:/st/stm32cubeide_1.9.0/stm32cubeide/plugins/com.st.stm32cube.ide.mcu.externaltools.gnu-tools-for-stm32.10.3-2021.10.win32_1.0.200.202301161003/tools/bin/../lib/gcc/arm-none-eabi/10.3.1/thumb/v7e-m+fp/hard\libgcc.a(_aeabi_uldivmod.o)
 .debug_frame   0x0000000000003aa8       0x34 c:/st/stm32cubeide_1.9.0/stm32cubeide/plugins/com.st.stm32cube.ide.mcu.externaltools.gnu-tools-for-stm32.10.3-2021.10.win32_1.0.200.202301161003/tools/bin/../lib/gcc/arm-none-eabi/10.3.1/thumb/v7e-m+fp/hard\libgcc.a(_udivmoddi4.o)
